---
source: kcl-lib/src/simulation_tests.rs
description: Artifact commands boolean_logical_multiple.kcl
---
{
  "rust/kcl-lib/tests/boolean_logical_multiple/input.kcl": [],
  "std::appearance": [],
  "std::array": [],
  "std::gdt": [],
  "std::math": [],
  "std::prelude": [],
  "std::sketch": [],
  "std::sketch2": [],
  "std::solid": [],
  "std::sweep": [],
  "std::transform": [],
  "std::turns": [],
  "std::types": [],
  "std::units": [],
  "std::vector": []
}
