---
source: kcl-lib/src/simulation_tests.rs
description: Execution success focusrite-scarlett-mounting-bracket.kcl
---
null
