---
source: kcl-lib/src/simulation_tests.rs
description: Execution success bench-for-kids.kcl
---
null
