---
source: kcl-lib/src/simulation_tests.rs
description: Result of parsing array_push_item_wrong_type.kcl
---
{
  "Ok": {
    "body": [
      {
        "commentStart": 0,
        "declaration": {
          "commentStart": 0,
          "end": 0,
          "id": {
            "commentStart": 0,
            "end": 0,
            "name": "arr",
            "start": 0,
            "type": "Identifier"
          },
          "init": {
            "commentStart": 0,
            "end": 0,
            "expr": {
              "commentStart": 0,
              "elements": [
                {
                  "commentStart": 0,
                  "end": 0,
                  "raw": "1",
                  "start": 0,
                  "type": "Literal",
                  "type": "Literal",
                  "value": {
                    "value": 1.0,
                    "suffix": "None"
                  }
                },
                {
                  "commentStart": 0,
                  "end": 0,
                  "raw": "2",
                  "start": 0,
                  "type": "Literal",
                  "type": "Literal",
                  "value": {
                    "value": 2.0,
                    "suffix": "None"
                  }
                }
              ],
              "end": 0,
              "start": 0,
              "type": "ArrayExpression",
              "type": "ArrayExpression"
            },
            "start": 0,
            "ty": {
              "commentStart": 0,
              "end": 0,
              "len": "None",
              "start": 0,
              "ty": {
                "Count": null,
                "p_type": "Number",
                "type": "Primitive"
              },
              "type": "Array"
            },
            "type": "AscribedExpression",
            "type": "AscribedExpression"
          },
          "start": 0,
          "type": "VariableDeclarator"
        },
        "end": 0,
        "kind": "const",
        "start": 0,
        "type": "VariableDeclaration",
        "type": "VariableDeclaration"
      },
      {
        "commentStart": 0,
        "declaration": {
          "commentStart": 0,
          "end": 0,
          "id": {
            "commentStart": 0,
            "end": 0,
            "name": "arrPrime",
            "start": 0,
            "type": "Identifier"
          },
          "init": {
            "arguments": [
              {
                "type": "LabeledArg",
                "label": {
                  "commentStart": 0,
                  "end": 0,
                  "name": "item",
                  "start": 0,
                  "type": "Identifier"
                },
                "arg": {
                  "commentStart": 0,
                  "end": 0,
                  "raw": "4mm",
                  "start": 0,
                  "type": "Literal",
                  "type": "Literal",
                  "value": {
                    "value": 4.0,
                    "suffix": "Mm"
                  }
                }
              }
            ],
            "callee": {
              "abs_path": false,
              "commentStart": 0,
              "end": 0,
              "name": {
                "commentStart": 0,
                "end": 0,
                "name": "push",
                "start": 0,
                "type": "Identifier"
              },
              "path": [],
              "start": 0,
              "type": "Name"
            },
            "commentStart": 0,
            "end": 0,
            "start": 0,
            "type": "CallExpressionKw",
            "type": "CallExpressionKw",
            "unlabeled": {
              "abs_path": false,
              "commentStart": 0,
              "end": 0,
              "name": {
                "commentStart": 0,
                "end": 0,
                "name": "arr",
                "start": 0,
                "type": "Identifier"
              },
              "path": [],
              "start": 0,
              "type": "Name",
              "type": "Name"
            }
          },
          "start": 0,
          "type": "VariableDeclarator"
        },
        "end": 0,
        "kind": "const",
        "start": 0,
        "type": "VariableDeclaration",
        "type": "VariableDeclaration"
      },
      {
        "commentStart": 0,
        "end": 0,
        "expression": {
          "arguments": [
            {
              "type": "LabeledArg",
              "label": {
                "commentStart": 0,
                "end": 0,
                "name": "isEqualTo",
                "start": 0,
                "type": "Identifier"
              },
              "arg": {
                "commentStart": 0,
                "end": 0,
                "raw": "4mm",
                "start": 0,
                "type": "Literal",
                "type": "Literal",
                "value": {
                  "value": 4.0,
                  "suffix": "Mm"
                }
              }
            },
            {
              "type": "LabeledArg",
              "label": {
                "commentStart": 0,
                "end": 0,
                "name": "error",
                "start": 0,
                "type": "Identifier"
              },
              "arg": {
                "commentStart": 0,
                "end": 0,
                "raw": "\"should have been added to the end of the array\"",
                "start": 0,
                "type": "Literal",
                "type": "Literal",
                "value": "should have been added to the end of the array"
              }
            }
          ],
          "callee": {
            "abs_path": false,
            "commentStart": 0,
            "end": 0,
            "name": {
              "commentStart": 0,
              "end": 0,
              "name": "assert",
              "start": 0,
              "type": "Identifier"
            },
            "path": [],
            "start": 0,
            "type": "Name"
          },
          "commentStart": 0,
          "end": 0,
          "start": 0,
          "type": "CallExpressionKw",
          "type": "CallExpressionKw",
          "unlabeled": {
            "commentStart": 0,
            "computed": false,
            "end": 0,
            "object": {
              "commentStart": 0,
              "end": 0,
              "name": "arrPrime",
              "start": 0,
              "type": "Identifier",
              "type": "Identifier"
            },
            "property": {
              "commentStart": 0,
              "end": 0,
              "raw": "2",
              "start": 0,
              "type": "Literal",
              "type": "Literal",
              "value": {
                "value": 2.0,
                "suffix": "None"
              }
            },
            "start": 0,
            "type": "MemberExpression",
            "type": "MemberExpression"
          }
        },
        "start": 0,
        "type": "ExpressionStatement",
        "type": "ExpressionStatement"
      }
    ],
    "commentStart": 0,
    "end": 0,
    "start": 0
  }
}
