---
source: kcl-lib/src/simulation_tests.rs
description: Variables in memory after executing comparisons_multiple.kcl
---
{}
