---
source: kcl-lib/src/simulation_tests.rs
description: Artifact commands poopy-shoe.kcl
---
{
  "public/kcl-samples/poopy-shoe/main.kcl": [
    {
      "cmdId": "[uuid]",
      "range": [],
      "command": {
        "type": "make_plane",
        "origin": {
          "x": 0.0,
          "y": 0.0,
          "z": 0.0
        },
        "x_axis": {
          "x": 0.0,
          "y": -1.0,
          "z": 0.0
        },
        "y_axis": {
          "x": 0.0,
          "y": 0.0,
          "z": 1.0
        },
        "size": 60.0,
        "clobber": false,
        "hide": true
      }
    },
    {
      "cmdId": "[uuid]",
      "range": [],
      "command": {
        "type": "enable_sketch_mode",
        "entity_id": "[uuid]",
        "ortho": false,
        "animated": false,
        "adjust_camera": false,
        "planar_normal": {
          "x": -1.0,
          "y": 0.0,
          "z": 0.0
        }
      }
    },
    {
      "cmdId": "[uuid]",
      "range": [],
      "command": {
        "type": "start_path"
      }
    },
    {
      "cmdId": "[uuid]",
      "range": [],
      "command": {
        "type": "move_path_pen",
        "path": "[uuid]",
        "to": {
          "x": 38.099999999999994,
          "y": 0.0,
          "z": 0.0
        }
      }
    },
    {
      "cmdId": "[uuid]",
      "range": [],
      "command": {
        "type": "sketch_mode_disable"
      }
    },
    {
      "cmdId": "[uuid]",
      "range": [],
      "command": {
        "type": "extend_path",
        "path": "[uuid]",
        "segment": {
          "type": "line",
          "end": {
            "x": 1.5875,
            "y": 0.0,
            "z": 0.0
          },
          "relative": true
        }
      }
    },
    {
      "cmdId": "[uuid]",
      "range": [],
      "command": {
        "type": "extend_path",
        "path": "[uuid]",
        "segment": {
          "type": "line",
          "end": {
            "x": 76.19999999999999,
            "y": 63.24150511135861,
            "z": 0.0
          },
          "relative": false
        }
      }
    },
    {
      "cmdId": "[uuid]",
      "range": [],
      "command": {
        "type": "extend_path",
        "path": "[uuid]",
        "segment": {
          "type": "line",
          "end": {
            "x": 76.19999999999999,
            "y": 130.17499999999998,
            "z": 0.0
          },
          "relative": false
        }
      }
    },
    {
      "cmdId": "[uuid]",
      "range": [],
      "command": {
        "type": "extend_path",
        "path": "[uuid]",
        "segment": {
          "type": "line",
          "end": {
            "x": -3.175,
            "y": 0.0,
            "z": 0.0
          },
          "relative": true
        }
      }
    },
    {
      "cmdId": "[uuid]",
      "range": [],
      "command": {
        "type": "extend_path",
        "path": "[uuid]",
        "segment": {
          "type": "line",
          "end": {
            "x": 73.02499999999999,
            "y": 63.24150511135861,
            "z": 0.0
          },
          "relative": false
        }
      }
    },
    {
      "cmdId": "[uuid]",
      "range": [],
      "command": {
        "type": "extend_path",
        "path": "[uuid]",
        "segment": {
          "type": "line",
          "end": {
            "x": 39.6875,
            "y": 5.499261314031189,
            "z": 0.0
          },
          "relative": false
        }
      }
    },
    {
      "cmdId": "[uuid]",
      "range": [],
      "command": {
        "type": "extend_path",
        "path": "[uuid]",
        "segment": {
          "type": "line",
          "end": {
            "x": -3.175,
            "y": 0.0,
            "z": 0.0
          },
          "relative": true
        }
      }
    },
    {
      "cmdId": "[uuid]",
      "range": [],
      "command": {
        "type": "extend_path",
        "path": "[uuid]",
        "segment": {
          "type": "line",
          "end": {
            "x": 3.175,
            "y": 63.24150511135867,
            "z": 0.0
          },
          "relative": false
        }
      }
    },
    {
      "cmdId": "[uuid]",
      "range": [],
      "command": {
        "type": "extend_path",
        "path": "[uuid]",
        "segment": {
          "type": "line",
          "end": {
            "x": 3.175,
            "y": 130.17499999999998,
            "z": 0.0
          },
          "relative": false
        }
      }
    },
    {
      "cmdId": "[uuid]",
      "range": [],
      "command": {
        "type": "extend_path",
        "path": "[uuid]",
        "segment": {
          "type": "line",
          "end": {
            "x": 0.0,
            "y": 130.17499999999998,
            "z": 0.0
          },
          "relative": false
        }
      }
    },
    {
      "cmdId": "[uuid]",
      "range": [],
      "command": {
        "type": "extend_path",
        "path": "[uuid]",
        "segment": {
          "type": "line",
          "end": {
            "x": 0.0,
            "y": 63.24150511135861,
            "z": 0.0
          },
          "relative": false
        }
      }
    },
    {
      "cmdId": "[uuid]",
      "range": [],
      "command": {
        "type": "extend_path",
        "path": "[uuid]",
        "segment": {
          "type": "line",
          "end": {
            "x": 36.51249999999997,
            "y": 0.0,
            "z": 0.0
          },
          "relative": false
        }
      }
    },
    {
      "cmdId": "[uuid]",
      "range": [],
      "command": {
        "type": "close_path",
        "path_id": "[uuid]"
      }
    },
    {
      "cmdId": "[uuid]",
      "range": [],
      "command": {
        "type": "revolve",
        "target": "[uuid]",
        "origin": {
          "x": 0.0,
          "y": 130.17754,
          "z": 0.0
        },
        "axis": {
          "x": 25.4,
          "y": 0.0,
          "z": 0.0
        },
        "axis_is_2d": true,
        "angle": {
          "unit": "degrees",
          "value": 90.0
        },
        "tolerance": 0.0000001,
        "opposite": "None"
      }
    },
    {
      "cmdId": "[uuid]",
      "range": [],
      "command": {
        "type": "object_bring_to_front",
        "object_id": "[uuid]"
      }
    },
    {
      "cmdId": "[uuid]",
      "range": [],
      "command": {
        "type": "solid3d_get_extrusion_face_info",
        "object_id": "[uuid]",
        "edge_id": "[uuid]"
      }
    },
    {
      "cmdId": "[uuid]",
      "range": [],
      "command": {
        "type": "solid3d_get_adjacency_info",
        "object_id": "[uuid]",
        "edge_id": "[uuid]"
      }
    },
    {
      "cmdId": "[uuid]",
      "range": [],
      "command": {
        "type": "make_plane",
        "origin": {
          "x": 0.0,
          "y": 0.0,
          "z": 0.0
        },
        "x_axis": {
          "x": 0.0,
          "y": -1.0,
          "z": 0.0
        },
        "y_axis": {
          "x": 0.0,
          "y": 0.0,
          "z": 1.0
        },
        "size": 60.0,
        "clobber": false,
        "hide": true
      }
    },
    {
      "cmdId": "[uuid]",
      "range": [],
      "command": {
        "type": "enable_sketch_mode",
        "entity_id": "[uuid]",
        "ortho": false,
        "animated": false,
        "adjust_camera": false,
        "planar_normal": {
          "x": -1.0,
          "y": 0.0,
          "z": 0.0
        }
      }
    },
    {
      "cmdId": "[uuid]",
      "range": [],
      "command": {
        "type": "start_path"
      }
    },
    {
      "cmdId": "[uuid]",
      "range": [],
      "command": {
        "type": "move_path_pen",
        "path": "[uuid]",
        "to": {
          "x": 38.099999999999994,
          "y": 0.0,
          "z": 0.0
        }
      }
    },
    {
      "cmdId": "[uuid]",
      "range": [],
      "command": {
        "type": "sketch_mode_disable"
      }
    },
    {
      "cmdId": "[uuid]",
      "range": [],
      "command": {
        "type": "extend_path",
        "path": "[uuid]",
        "segment": {
          "type": "line",
          "end": {
            "x": 1.5875,
            "y": 0.0,
            "z": 0.0
          },
          "relative": true
        }
      }
    },
    {
      "cmdId": "[uuid]",
      "range": [],
      "command": {
        "type": "extend_path",
        "path": "[uuid]",
        "segment": {
          "type": "line",
          "end": {
            "x": 76.19999999999999,
            "y": 63.24150511135861,
            "z": 0.0
          },
          "relative": false
        }
      }
    },
    {
      "cmdId": "[uuid]",
      "range": [],
      "command": {
        "type": "extend_path",
        "path": "[uuid]",
        "segment": {
          "type": "line",
          "end": {
            "x": 76.19999999999999,
            "y": 130.17499999999998,
            "z": 0.0
          },
          "relative": false
        }
      }
    },
    {
      "cmdId": "[uuid]",
      "range": [],
      "command": {
        "type": "extend_path",
        "path": "[uuid]",
        "segment": {
          "type": "line",
          "end": {
            "x": -3.175,
            "y": 0.0,
            "z": 0.0
          },
          "relative": true
        }
      }
    },
    {
      "cmdId": "[uuid]",
      "range": [],
      "command": {
        "type": "extend_path",
        "path": "[uuid]",
        "segment": {
          "type": "line",
          "end": {
            "x": 73.02499999999999,
            "y": 63.24150511135861,
            "z": 0.0
          },
          "relative": false
        }
      }
    },
    {
      "cmdId": "[uuid]",
      "range": [],
      "command": {
        "type": "extend_path",
        "path": "[uuid]",
        "segment": {
          "type": "line",
          "end": {
            "x": 39.6875,
            "y": 5.499261314031189,
            "z": 0.0
          },
          "relative": false
        }
      }
    },
    {
      "cmdId": "[uuid]",
      "range": [],
      "command": {
        "type": "extend_path",
        "path": "[uuid]",
        "segment": {
          "type": "line",
          "end": {
            "x": -3.175,
            "y": 0.0,
            "z": 0.0
          },
          "relative": true
        }
      }
    },
    {
      "cmdId": "[uuid]",
      "range": [],
      "command": {
        "type": "extend_path",
        "path": "[uuid]",
        "segment": {
          "type": "line",
          "end": {
            "x": 3.175,
            "y": 63.24150511135867,
            "z": 0.0
          },
          "relative": false
        }
      }
    },
    {
      "cmdId": "[uuid]",
      "range": [],
      "command": {
        "type": "extend_path",
        "path": "[uuid]",
        "segment": {
          "type": "line",
          "end": {
            "x": 3.175,
            "y": 130.17499999999998,
            "z": 0.0
          },
          "relative": false
        }
      }
    },
    {
      "cmdId": "[uuid]",
      "range": [],
      "command": {
        "type": "extend_path",
        "path": "[uuid]",
        "segment": {
          "type": "line",
          "end": {
            "x": 0.0,
            "y": 130.17499999999998,
            "z": 0.0
          },
          "relative": false
        }
      }
    },
    {
      "cmdId": "[uuid]",
      "range": [],
      "command": {
        "type": "extend_path",
        "path": "[uuid]",
        "segment": {
          "type": "line",
          "end": {
            "x": 0.0,
            "y": 63.24150511135861,
            "z": 0.0
          },
          "relative": false
        }
      }
    },
    {
      "cmdId": "[uuid]",
      "range": [],
      "command": {
        "type": "extend_path",
        "path": "[uuid]",
        "segment": {
          "type": "line",
          "end": {
            "x": 36.51249999999997,
            "y": 0.0,
            "z": 0.0
          },
          "relative": false
        }
      }
    },
    {
      "cmdId": "[uuid]",
      "range": [],
      "command": {
        "type": "close_path",
        "path_id": "[uuid]"
      }
    },
    {
      "cmdId": "[uuid]",
      "range": [],
      "command": {
        "type": "enable_sketch_mode",
        "entity_id": "[uuid]",
        "ortho": false,
        "animated": false,
        "adjust_camera": false,
        "planar_normal": {
          "x": -1.0,
          "y": 0.0,
          "z": 0.0
        }
      }
    },
    {
      "cmdId": "[uuid]",
      "range": [],
      "command": {
        "type": "extrude",
        "target": "[uuid]",
        "distance": 22.224999999999998,
        "faces": null,
        "opposite": "None",
        "extrude_method": "merge"
      }
    },
    {
      "cmdId": "[uuid]",
      "range": [],
      "command": {
        "type": "sketch_mode_disable"
      }
    },
    {
      "cmdId": "[uuid]",
      "range": [],
      "command": {
        "type": "object_bring_to_front",
        "object_id": "[uuid]"
      }
    },
    {
      "cmdId": "[uuid]",
      "range": [],
      "command": {
        "type": "solid3d_get_extrusion_face_info",
        "object_id": "[uuid]",
        "edge_id": "[uuid]"
      }
    },
    {
      "cmdId": "[uuid]",
      "range": [],
      "command": {
        "type": "solid3d_get_adjacency_info",
        "object_id": "[uuid]",
        "edge_id": "[uuid]"
      }
    },
    {
      "cmdId": "[uuid]",
      "range": [],
      "command": {
        "type": "make_plane",
        "origin": {
          "x": 0.0,
          "y": -36.512499999999996,
          "z": 0.0
        },
        "x_axis": {
          "x": 1.0,
          "y": 0.0,
          "z": 0.0
        },
        "y_axis": {
          "x": 0.0,
          "y": 0.0,
          "z": 1.0
        },
        "size": 60.0,
        "clobber": false,
        "hide": true
      }
    },
    {
      "cmdId": "[uuid]",
      "range": [],
      "command": {
        "type": "object_visible",
        "object_id": "[uuid]",
        "hidden": true
      }
    },
    {
      "cmdId": "[uuid]",
      "range": [],
      "command": {
        "type": "enable_sketch_mode",
        "entity_id": "[uuid]",
        "ortho": false,
        "animated": false,
        "adjust_camera": false,
        "planar_normal": {
          "x": 0.0,
          "y": -1.0,
          "z": 0.0
        }
      }
    },
    {
      "cmdId": "[uuid]",
      "range": [],
      "command": {
        "type": "start_path"
      }
    },
    {
      "cmdId": "[uuid]",
      "range": [],
      "command": {
        "type": "move_path_pen",
        "path": "[uuid]",
        "to": {
          "x": 0.0,
          "y": 0.0,
          "z": 0.0
        }
      }
    },
    {
      "cmdId": "[uuid]",
      "range": [],
      "command": {
        "type": "sketch_mode_disable"
      }
    },
    {
      "cmdId": "[uuid]",
      "range": [],
      "command": {
        "type": "extend_path",
        "path": "[uuid]",
        "segment": {
          "type": "tangential_arc",
          "radius": 130.17499999999998,
          "offset": {
            "unit": "degrees",
            "value": 60.0
          }
        }
      }
    },
    {
      "cmdId": "[uuid]",
      "range": [],
      "command": {
        "type": "extend_path",
        "path": "[uuid]",
        "segment": {
          "type": "line",
          "end": {
            "x": 75.15657129175953,
            "y": 0.0,
            "z": 0.0
          },
          "relative": false
        }
      }
    },
    {
      "cmdId": "[uuid]",
      "range": [],
      "command": {
        "type": "close_path",
        "path_id": "[uuid]"
      }
    },
    {
      "cmdId": "[uuid]",
      "range": [],
      "command": {
        "type": "enable_sketch_mode",
        "entity_id": "[uuid]",
        "ortho": false,
        "animated": false,
        "adjust_camera": false,
        "planar_normal": {
          "x": 0.0,
          "y": -1.0,
          "z": 0.0
        }
      }
    },
    {
      "cmdId": "[uuid]",
      "range": [],
      "command": {
        "type": "extrude",
        "target": "[uuid]",
        "distance": 3.175,
        "faces": null,
        "opposite": "None",
        "extrude_method": "merge"
      }
    },
    {
      "cmdId": "[uuid]",
      "range": [],
      "command": {
        "type": "sketch_mode_disable"
      }
    },
    {
      "cmdId": "[uuid]",
      "range": [],
      "command": {
        "type": "object_bring_to_front",
        "object_id": "[uuid]"
      }
    },
    {
      "cmdId": "[uuid]",
      "range": [],
      "command": {
        "type": "solid3d_get_extrusion_face_info",
        "object_id": "[uuid]",
        "edge_id": "[uuid]"
      }
    },
    {
      "cmdId": "[uuid]",
      "range": [],
      "command": {
        "type": "solid3d_get_adjacency_info",
        "object_id": "[uuid]",
        "edge_id": "[uuid]"
      }
    },
    {
      "cmdId": "[uuid]",
      "range": [],
      "command": {
        "type": "enable_sketch_mode",
        "entity_id": "[uuid]",
        "ortho": false,
        "animated": false,
        "adjust_camera": false,
        "planar_normal": null
      }
    },
    {
      "cmdId": "[uuid]",
      "range": [],
      "command": {
        "type": "start_path"
      }
    },
    {
      "cmdId": "[uuid]",
      "range": [],
      "command": {
        "type": "move_path_pen",
        "path": "[uuid]",
        "to": {
          "x": 0.0,
          "y": 0.0,
          "z": 0.0
        }
      }
    },
    {
      "cmdId": "[uuid]",
      "range": [],
      "command": {
        "type": "sketch_mode_disable"
      }
    },
    {
      "cmdId": "[uuid]",
      "range": [],
      "command": {
        "type": "extend_path",
        "path": "[uuid]",
        "segment": {
          "type": "line",
          "end": {
            "x": 0.0,
            "y": 130.17499999999998,
            "z": 0.0
          },
          "relative": false
        }
      }
    },
    {
      "cmdId": "[uuid]",
      "range": [],
      "command": {
        "type": "extend_path",
        "path": "[uuid]",
        "segment": {
          "type": "line",
          "end": {
            "x": 3.175,
            "y": 130.17499999999998,
            "z": 0.0
          },
          "relative": false
        }
      }
    },
    {
      "cmdId": "[uuid]",
      "range": [],
      "command": {
        "type": "extend_path",
        "path": "[uuid]",
        "segment": {
          "type": "line",
          "end": {
            "x": 3.175,
            "y": 63.24150511135861,
            "z": 0.0
          },
          "relative": false
        }
      }
    },
    {
      "cmdId": "[uuid]",
      "range": [],
      "command": {
        "type": "extend_path",
        "path": "[uuid]",
        "segment": {
          "type": "line",
          "end": {
            "x": 36.512499999999996,
            "y": 5.499261314031132,
            "z": 0.0
          },
          "relative": false
        }
      }
    },
    {
      "cmdId": "[uuid]",
      "range": [],
      "command": {
        "type": "extend_path",
        "path": "[uuid]",
        "segment": {
          "type": "line",
          "end": {
            "x": 3.175,
            "y": 0.0,
            "z": 0.0
          },
          "relative": true
        }
      }
    },
    {
      "cmdId": "[uuid]",
      "range": [],
      "command": {
        "type": "extend_path",
        "path": "[uuid]",
        "segment": {
          "type": "line",
          "end": {
            "x": 73.02500000000002,
            "y": 63.24150511135861,
            "z": 0.0
          },
          "relative": false
        }
      }
    },
    {
      "cmdId": "[uuid]",
      "range": [],
      "command": {
        "type": "extend_path",
        "path": "[uuid]",
        "segment": {
          "type": "line",
          "end": {
            "x": 73.02500000000002,
            "y": 130.17499999999998,
            "z": 0.0
          },
          "relative": false
        }
      }
    },
    {
      "cmdId": "[uuid]",
      "range": [],
      "command": {
        "type": "extend_path",
        "path": "[uuid]",
        "segment": {
          "type": "line",
          "end": {
            "x": 3.175,
            "y": 0.0,
            "z": 0.0
          },
          "relative": true
        }
      }
    },
    {
      "cmdId": "[uuid]",
      "range": [],
      "command": {
        "type": "extend_path",
        "path": "[uuid]",
        "segment": {
          "type": "tangential_arc_to",
          "to": {
            "x": 50.799999999999976,
            "y": -52.387499999999996,
            "z": 0.0
          },
          "angle_snap_increment": null
        }
      }
    },
    {
      "cmdId": "[uuid]",
      "range": [],
      "command": {
        "type": "extend_path",
        "path": "[uuid]",
        "segment": {
          "type": "tangential_arc_to",
          "to": {
            "x": 50.8,
            "y": -52.387499999999996,
            "z": 0.0
          },
          "angle_snap_increment": null
        }
      }
    },
    {
      "cmdId": "[uuid]",
      "range": [],
      "command": {
        "type": "extend_path",
        "path": "[uuid]",
        "segment": {
          "type": "line",
          "end": {
            "x": 177.79999999999998,
            "y": 0.0,
            "z": 0.0
          },
          "relative": false
        }
      }
    },
    {
      "cmdId": "[uuid]",
      "range": [],
      "command": {
        "type": "close_path",
        "path_id": "[uuid]"
      }
    },
    {
      "cmdId": "[uuid]",
      "range": [],
      "command": {
        "type": "enable_sketch_mode",
        "entity_id": "[uuid]",
        "ortho": false,
        "animated": false,
        "adjust_camera": false,
        "planar_normal": null
      }
    },
    {
      "cmdId": "[uuid]",
      "range": [],
      "command": {
        "type": "extrude",
        "target": "[uuid]",
        "distance": 3.175,
        "faces": null,
        "opposite": "None",
        "extrude_method": "merge"
      }
    },
    {
      "cmdId": "[uuid]",
      "range": [],
      "command": {
        "type": "sketch_mode_disable"
      }
    },
    {
      "cmdId": "[uuid]",
      "range": [],
      "command": {
        "type": "object_bring_to_front",
        "object_id": "[uuid]"
      }
    },
    {
      "cmdId": "[uuid]",
      "range": [],
      "command": {
        "type": "solid3d_get_extrusion_face_info",
        "object_id": "[uuid]",
        "edge_id": "[uuid]"
      }
    },
    {
      "cmdId": "[uuid]",
      "range": [],
      "command": {
        "type": "solid3d_get_adjacency_info",
        "object_id": "[uuid]",
        "edge_id": "[uuid]"
      }
    },
    {
      "cmdId": "[uuid]",
      "range": [],
      "command": {
        "type": "make_plane",
        "origin": {
          "x": -98.425,
          "y": 0.0,
          "z": 0.0
        },
        "x_axis": {
          "x": 0.0,
          "y": 1.0,
          "z": 0.0
        },
        "y_axis": {
          "x": 0.0,
          "y": 0.0,
          "z": 1.0
        },
        "size": 60.0,
        "clobber": false,
        "hide": true
      }
    },
    {
      "cmdId": "[uuid]",
      "range": [],
      "command": {
        "type": "object_visible",
        "object_id": "[uuid]",
        "hidden": true
      }
    },
    {
      "cmdId": "[uuid]",
      "range": [],
      "command": {
        "type": "enable_sketch_mode",
        "entity_id": "[uuid]",
        "ortho": false,
        "animated": false,
        "adjust_camera": false,
        "planar_normal": {
          "x": 1.0,
          "y": 0.0,
          "z": 0.0
        }
      }
    },
    {
      "cmdId": "[uuid]",
      "range": [],
      "command": {
        "type": "start_path"
      }
    },
    {
      "cmdId": "[uuid]",
      "range": [],
      "command": {
        "type": "move_path_pen",
        "path": "[uuid]",
        "to": {
          "x": 0.0,
          "y": 0.0,
          "z": 0.0
        }
      }
    },
    {
      "cmdId": "[uuid]",
      "range": [],
      "command": {
        "type": "sketch_mode_disable"
      }
    },
    {
      "cmdId": "[uuid]",
      "range": [],
      "command": {
        "type": "extend_path",
        "path": "[uuid]",
        "segment": {
          "type": "line",
          "end": {
            "x": 0.0,
            "y": 130.17499999999998,
            "z": 0.0
          },
          "relative": false
        }
      }
    },
    {
      "cmdId": "[uuid]",
      "range": [],
      "command": {
        "type": "extend_path",
        "path": "[uuid]",
        "segment": {
          "type": "line",
          "end": {
            "x": -76.19999999999999,
            "y": 130.17499999999998,
            "z": 0.0
          },
          "relative": false
        }
      }
    },
    {
      "cmdId": "[uuid]",
      "range": [],
      "command": {
        "type": "extend_path",
        "path": "[uuid]",
        "segment": {
          "type": "tangential_arc_to",
          "to": {
            "x": -50.8,
            "y": -52.387499999999996,
            "z": 0.0
          },
          "angle_snap_increment": null
        }
      }
    },
    {
      "cmdId": "[uuid]",
      "range": [],
      "command": {
        "type": "extend_path",
        "path": "[uuid]",
        "segment": {
          "type": "tangential_arc_to",
          "to": {
            "x": -50.8,
            "y": -52.387499999999996,
            "z": 0.0
          },
          "angle_snap_increment": null
        }
      }
    },
    {
      "cmdId": "[uuid]",
      "range": [],
      "command": {
        "type": "extend_path",
        "path": "[uuid]",
        "segment": {
          "type": "line",
          "end": {
            "x": -177.79999999999998,
            "y": 0.0,
            "z": 0.0
          },
          "relative": false
        }
      }
    },
    {
      "cmdId": "[uuid]",
      "range": [],
      "command": {
        "type": "close_path",
        "path_id": "[uuid]"
      }
    },
    {
      "cmdId": "[uuid]",
      "range": [],
      "command": {
        "type": "enable_sketch_mode",
        "entity_id": "[uuid]",
        "ortho": false,
        "animated": false,
        "adjust_camera": false,
        "planar_normal": {
          "x": 1.0,
          "y": 0.0,
          "z": 0.0
        }
      }
    },
    {
      "cmdId": "[uuid]",
      "range": [],
      "command": {
        "type": "extrude",
        "target": "[uuid]",
        "distance": 3.175,
        "faces": null,
        "opposite": "None",
        "extrude_method": "merge"
      }
    },
    {
      "cmdId": "[uuid]",
      "range": [],
      "command": {
        "type": "sketch_mode_disable"
      }
    },
    {
      "cmdId": "[uuid]",
      "range": [],
      "command": {
        "type": "object_bring_to_front",
        "object_id": "[uuid]"
      }
    },
    {
      "cmdId": "[uuid]",
      "range": [],
      "command": {
        "type": "solid3d_get_extrusion_face_info",
        "object_id": "[uuid]",
        "edge_id": "[uuid]"
      }
    },
    {
      "cmdId": "[uuid]",
      "range": [],
      "command": {
        "type": "solid3d_get_adjacency_info",
        "object_id": "[uuid]",
        "edge_id": "[uuid]"
      }
    },
    {
      "cmdId": "[uuid]",
      "range": [],
      "command": {
        "type": "enable_sketch_mode",
        "entity_id": "[uuid]",
        "ortho": false,
        "animated": false,
        "adjust_camera": false,
        "planar_normal": null
      }
    },
    {
      "cmdId": "[uuid]",
      "range": [],
      "command": {
        "type": "start_path"
      }
    },
    {
      "cmdId": "[uuid]",
      "range": [],
      "command": {
        "type": "move_path_pen",
        "path": "[uuid]",
        "to": {
          "x": 0.0,
          "y": -22.224999999999998,
          "z": 0.0
        }
      }
    },
    {
      "cmdId": "[uuid]",
      "range": [],
      "command": {
        "type": "sketch_mode_disable"
      }
    },
    {
      "cmdId": "[uuid]",
      "range": [],
      "command": {
        "type": "extend_path",
        "path": "[uuid]",
        "segment": {
          "type": "line",
          "end": {
            "x": -25.4,
            "y": -22.224999999999998,
            "z": 0.0
          },
          "relative": false
        }
      }
    },
    {
      "cmdId": "[uuid]",
      "range": [],
      "command": {
        "type": "extend_path",
        "path": "[uuid]",
        "segment": {
          "type": "line",
          "end": {
            "x": 0.0,
            "y": -76.19999999999999,
            "z": 0.0
          },
          "relative": true
        }
      }
    },
    {
      "cmdId": "[uuid]",
      "range": [],
      "command": {
        "type": "extend_path",
        "path": "[uuid]",
        "segment": {
          "type": "line",
          "end": {
            "x": 0.0,
            "y": -98.425,
            "z": 0.0
          },
          "relative": false
        }
      }
    },
    {
      "cmdId": "[uuid]",
      "range": [],
      "command": {
        "type": "close_path",
        "path_id": "[uuid]"
      }
    },
    {
      "cmdId": "[uuid]",
      "range": [],
      "command": {
        "type": "enable_sketch_mode",
        "entity_id": "[uuid]",
        "ortho": false,
        "animated": false,
        "adjust_camera": false,
        "planar_normal": null
      }
    },
    {
      "cmdId": "[uuid]",
      "range": [],
      "command": {
        "type": "extrude",
        "target": "[uuid]",
        "distance": 3.175,
        "faces": null,
        "opposite": "None",
        "extrude_method": "merge"
      }
    },
    {
      "cmdId": "[uuid]",
      "range": [],
      "command": {
        "type": "sketch_mode_disable"
      }
    },
    {
      "cmdId": "[uuid]",
      "range": [],
      "command": {
        "type": "object_bring_to_front",
        "object_id": "[uuid]"
      }
    },
    {
      "cmdId": "[uuid]",
      "range": [],
      "command": {
        "type": "solid3d_get_extrusion_face_info",
        "object_id": "[uuid]",
        "edge_id": "[uuid]"
      }
    },
    {
      "cmdId": "[uuid]",
      "range": [],
      "command": {
        "type": "solid3d_get_adjacency_info",
        "object_id": "[uuid]",
        "edge_id": "[uuid]"
      }
    },
    {
      "cmdId": "[uuid]",
      "range": [],
      "command": {
        "type": "enable_sketch_mode",
        "entity_id": "[uuid]",
        "ortho": false,
        "animated": false,
        "adjust_camera": false,
        "planar_normal": null
      }
    },
    {
      "cmdId": "[uuid]",
      "range": [],
      "command": {
        "type": "start_path"
      }
    },
    {
      "cmdId": "[uuid]",
      "range": [],
      "command": {
        "type": "move_path_pen",
        "path": "[uuid]",
        "to": {
          "x": 0.0,
          "y": 0.0,
          "z": 0.0
        }
      }
    },
    {
      "cmdId": "[uuid]",
      "range": [],
      "command": {
        "type": "sketch_mode_disable"
      }
    },
    {
      "cmdId": "[uuid]",
      "range": [],
      "command": {
        "type": "extend_path",
        "path": "[uuid]",
        "segment": {
          "type": "line",
          "end": {
            "x": 3.175,
            "y": 0.0,
            "z": 0.0
          },
          "relative": false
        }
      }
    },
    {
      "cmdId": "[uuid]",
      "range": [],
      "command": {
        "type": "extend_path",
        "path": "[uuid]",
        "segment": {
          "type": "line",
          "end": {
            "x": 3.175,
            "y": 130.17499999999998,
            "z": 0.0
          },
          "relative": false
        }
      }
    },
    {
      "cmdId": "[uuid]",
      "range": [],
      "command": {
        "type": "extend_path",
        "path": "[uuid]",
        "segment": {
          "type": "line",
          "end": {
            "x": 0.0,
            "y": 130.17499999999998,
            "z": 0.0
          },
          "relative": false
        }
      }
    },
    {
      "cmdId": "[uuid]",
      "range": [],
      "command": {
        "type": "close_path",
        "path_id": "[uuid]"
      }
    },
    {
      "cmdId": "[uuid]",
      "range": [],
      "command": {
        "type": "enable_sketch_mode",
        "entity_id": "[uuid]",
        "ortho": false,
        "animated": false,
        "adjust_camera": false,
        "planar_normal": null
      }
    },
    {
      "cmdId": "[uuid]",
      "range": [],
      "command": {
        "type": "extrude",
        "target": "[uuid]",
        "distance": 69.85,
        "faces": null,
        "opposite": "None",
        "extrude_method": "merge"
      }
    },
    {
      "cmdId": "[uuid]",
      "range": [],
      "command": {
        "type": "sketch_mode_disable"
      }
    },
    {
      "cmdId": "[uuid]",
      "range": [],
      "command": {
        "type": "object_bring_to_front",
        "object_id": "[uuid]"
      }
    },
    {
      "cmdId": "[uuid]",
      "range": [],
      "command": {
        "type": "solid3d_get_extrusion_face_info",
        "object_id": "[uuid]",
        "edge_id": "[uuid]"
      }
    },
    {
      "cmdId": "[uuid]",
      "range": [],
      "command": {
        "type": "solid3d_get_adjacency_info",
        "object_id": "[uuid]",
        "edge_id": "[uuid]"
      }
    },
    {
      "cmdId": "[uuid]",
      "range": [],
      "command": {
        "type": "make_plane",
        "origin": {
          "x": -98.425,
          "y": 0.0,
          "z": 3.175
        },
        "x_axis": {
          "x": 0.0,
          "y": -1.0,
          "z": 0.0
        },
        "y_axis": {
          "x": 1.0,
          "y": 0.0,
          "z": 0.0
        },
        "size": 60.0,
        "clobber": false,
        "hide": true
      }
    },
    {
      "cmdId": "[uuid]",
      "range": [],
      "command": {
        "type": "object_visible",
        "object_id": "[uuid]",
        "hidden": true
      }
    },
    {
      "cmdId": "[uuid]",
      "range": [],
      "command": {
        "type": "enable_sketch_mode",
        "entity_id": "[uuid]",
        "ortho": false,
        "animated": false,
        "adjust_camera": false,
        "planar_normal": {
          "x": -0.0,
          "y": 0.0,
          "z": 1.0
        }
      }
    },
    {
      "cmdId": "[uuid]",
      "range": [],
      "command": {
        "type": "start_path"
      }
    },
    {
      "cmdId": "[uuid]",
      "range": [],
      "command": {
        "type": "move_path_pen",
        "path": "[uuid]",
        "to": {
          "x": 3.175,
          "y": 3.175,
          "z": 0.0
        }
      }
    },
    {
      "cmdId": "[uuid]",
      "range": [],
      "command": {
        "type": "sketch_mode_disable"
      }
    },
    {
      "cmdId": "[uuid]",
      "range": [],
      "command": {
        "type": "extend_path",
        "path": "[uuid]",
        "segment": {
          "type": "line",
          "end": {
            "x": 177.79999999999998,
            "y": 3.175,
            "z": 0.0
          },
          "relative": false
        }
      }
    },
    {
      "cmdId": "[uuid]",
      "range": [],
      "command": {
        "type": "extend_path",
        "path": "[uuid]",
        "segment": {
          "type": "line",
          "end": {
            "x": 0.0,
            "y": 69.85,
            "z": 0.0
          },
          "relative": true
        }
      }
    },
    {
      "cmdId": "[uuid]",
      "range": [],
      "command": {
        "type": "extend_path",
        "path": "[uuid]",
        "segment": {
          "type": "line",
          "end": {
            "x": 3.175,
            "y": 73.02499999999999,
            "z": 0.0
          },
          "relative": false
        }
      }
    },
    {
      "cmdId": "[uuid]",
      "range": [],
      "command": {
        "type": "close_path",
        "path_id": "[uuid]"
      }
    },
    {
      "cmdId": "[uuid]",
      "range": [],
      "command": {
        "type": "enable_sketch_mode",
        "entity_id": "[uuid]",
        "ortho": false,
        "animated": false,
        "adjust_camera": false,
        "planar_normal": {
          "x": -0.0,
          "y": 0.0,
          "z": 1.0
        }
      }
    },
    {
      "cmdId": "[uuid]",
      "range": [],
      "command": {
        "type": "extrude",
        "target": "[uuid]",
        "distance": -3.175,
        "faces": null,
        "opposite": "None",
        "extrude_method": "merge"
      }
    },
    {
      "cmdId": "[uuid]",
      "range": [],
      "command": {
        "type": "sketch_mode_disable"
      }
    },
    {
      "cmdId": "[uuid]",
      "range": [],
      "command": {
        "type": "object_bring_to_front",
        "object_id": "[uuid]"
      }
    },
    {
      "cmdId": "[uuid]",
      "range": [],
      "command": {
        "type": "solid3d_get_extrusion_face_info",
        "object_id": "[uuid]",
        "edge_id": "[uuid]"
      }
    },
    {
      "cmdId": "[uuid]",
      "range": [],
      "command": {
        "type": "solid3d_get_adjacency_info",
        "object_id": "[uuid]",
        "edge_id": "[uuid]"
      }
    }
  ],
  "std::appearance": [],
  "std::array": [],
  "std::math": [],
  "std::prelude": [],
  "std::sketch": [],
  "std::sketch2": [],
  "std::solid": [],
  "std::sweep": [],
  "std::transform": [],
  "std::turns": [],
  "std::types": [],
  "std::units": [],
  "std::vector": []
}
