---
source: kcl-lib/src/simulation_tests.rs
description: Artifact commands subtract_regression00.kcl
---
[
  {
    "cmdId": "[uuid]",
    "range": [],
    "command": {
      "type": "edge_lines_visible",
      "hidden": false
    }
  },
  {
    "cmdId": "[uuid]",
    "range": [],
    "command": {
      "type": "object_visible",
      "object_id": "[uuid]",
      "hidden": true
    }
  },
  {
    "cmdId": "[uuid]",
    "range": [],
    "command": {
      "type": "object_visible",
      "object_id": "[uuid]",
      "hidden": true
    }
  },
  {
    "cmdId": "[uuid]",
    "range": [],
    "command": {
      "type": "make_plane",
      "origin": {
        "x": 0.0,
        "y": 0.0,
        "z": 0.0
      },
      "x_axis": {
        "x": 1.0,
        "y": 0.0,
        "z": 0.0
      },
      "y_axis": {
        "x": 0.0,
        "y": 1.0,
        "z": 0.0
      },
      "size": 60.0,
      "clobber": false,
      "hide": true
    }
  },
  {
    "cmdId": "[uuid]",
    "range": [],
    "command": {
      "type": "enable_sketch_mode",
      "entity_id": "[uuid]",
      "ortho": false,
      "animated": false,
      "adjust_camera": false,
      "planar_normal": {
        "x": 0.0,
        "y": 0.0,
        "z": 1.0
      }
    }
  },
  {
    "cmdId": "[uuid]",
    "range": [],
    "command": {
      "type": "move_path_pen",
      "path": "[uuid]",
      "to": {
        "x": -25.0,
        "y": -25.0,
        "z": 0.0
      }
    }
  },
  {
    "cmdId": "[uuid]",
    "range": [],
    "command": {
      "type": "sketch_mode_disable"
    }
  },
  {
    "cmdId": "[uuid]",
    "range": [],
    "command": {
      "type": "start_path"
    }
  },
  {
    "cmdId": "[uuid]",
    "range": [],
    "command": {
      "type": "extend_path",
      "path": "[uuid]",
      "segment": {
        "type": "line",
        "end": {
          "x": 50.0,
          "y": 0.0,
          "z": 0.0
        },
        "relative": true
      }
    }
  },
  {
    "cmdId": "[uuid]",
    "range": [],
    "command": {
      "type": "extend_path",
      "path": "[uuid]",
      "segment": {
        "type": "line",
        "end": {
          "x": 0.0,
          "y": 50.0,
          "z": 0.0
        },
        "relative": true
      }
    }
  },
  {
    "cmdId": "[uuid]",
    "range": [],
    "command": {
      "type": "extend_path",
      "path": "[uuid]",
      "segment": {
        "type": "line",
        "end": {
          "x": -50.0,
          "y": 0.0,
          "z": 0.0
        },
        "relative": true
      }
    }
  },
  {
    "cmdId": "[uuid]",
    "range": [],
    "command": {
      "type": "extend_path",
      "path": "[uuid]",
      "segment": {
        "type": "line",
        "end": {
          "x": 0.0,
          "y": -50.0,
          "z": 0.0
        },
        "relative": true
      }
    }
  },
  {
    "cmdId": "[uuid]",
    "range": [],
    "command": {
      "type": "close_path",
      "path_id": "[uuid]"
    }
  },
  {
    "cmdId": "[uuid]",
    "range": [],
    "command": {
      "type": "enable_sketch_mode",
      "entity_id": "[uuid]",
      "ortho": false,
      "animated": false,
      "adjust_camera": false,
      "planar_normal": {
        "x": 0.0,
        "y": 0.0,
        "z": 1.0
      }
    }
  },
  {
    "cmdId": "[uuid]",
    "range": [],
    "command": {
      "type": "extrude",
      "target": "[uuid]",
      "distance": 50.0,
      "faces": null,
      "opposite": {
        "Other": 0.0
      }
    }
  },
  {
    "cmdId": "[uuid]",
    "range": [],
    "command": {
      "type": "object_bring_to_front",
      "object_id": "[uuid]"
    }
  },
  {
    "cmdId": "[uuid]",
    "range": [],
    "command": {
      "type": "sketch_mode_disable"
    }
  },
  {
    "cmdId": "[uuid]",
    "range": [],
    "command": {
      "type": "solid3d_get_all_edge_faces",
      "object_id": "[uuid]",
      "edge_id": "[uuid]"
    }
  },
  {
    "cmdId": "[uuid]",
    "range": [],
    "command": {
      "type": "solid3d_get_all_edge_faces",
      "object_id": "[uuid]",
      "edge_id": "[uuid]"
    }
  },
  {
    "cmdId": "[uuid]",
    "range": [],
    "command": {
      "type": "solid3d_get_all_edge_faces",
      "object_id": "[uuid]",
      "edge_id": "[uuid]"
    }
  },
  {
    "cmdId": "[uuid]",
    "range": [],
    "command": {
      "type": "solid3d_get_all_edge_faces",
      "object_id": "[uuid]",
      "edge_id": "[uuid]"
    }
  },
  {
    "cmdId": "[uuid]",
    "range": [],
    "command": {
      "type": "solid3d_get_all_edge_faces",
      "object_id": "[uuid]",
      "edge_id": "[uuid]"
    }
  },
  {
    "cmdId": "[uuid]",
    "range": [],
    "command": {
      "type": "solid3d_get_all_edge_faces",
      "object_id": "[uuid]",
      "edge_id": "[uuid]"
    }
  },
  {
    "cmdId": "[uuid]",
    "range": [],
    "command": {
      "type": "solid3d_get_all_edge_faces",
      "object_id": "[uuid]",
      "edge_id": "[uuid]"
    }
  },
  {
    "cmdId": "[uuid]",
    "range": [],
    "command": {
      "type": "solid3d_get_all_edge_faces",
      "object_id": "[uuid]",
      "edge_id": "[uuid]"
    }
  },
  {
    "cmdId": "[uuid]",
    "range": [],
    "command": {
      "type": "solid3d_get_all_edge_faces",
      "object_id": "[uuid]",
      "edge_id": "[uuid]"
    }
  },
  {
    "cmdId": "[uuid]",
    "range": [],
    "command": {
      "type": "solid3d_get_all_edge_faces",
      "object_id": "[uuid]",
      "edge_id": "[uuid]"
    }
  },
  {
    "cmdId": "[uuid]",
    "range": [],
    "command": {
      "type": "solid3d_get_all_edge_faces",
      "object_id": "[uuid]",
      "edge_id": "[uuid]"
    }
  },
  {
    "cmdId": "[uuid]",
    "range": [],
    "command": {
      "type": "solid3d_get_all_edge_faces",
      "object_id": "[uuid]",
      "edge_id": "[uuid]"
    }
  },
  {
    "cmdId": "[uuid]",
    "range": [],
    "command": {
      "type": "solid3d_get_extrusion_face_info",
      "object_id": "[uuid]",
      "edge_id": "[uuid]"
    }
  },
  {
    "cmdId": "[uuid]",
    "range": [],
    "command": {
      "type": "solid3d_get_next_adjacent_edge",
      "object_id": "[uuid]",
      "edge_id": "[uuid]",
      "face_id": "[uuid]"
    }
  },
  {
    "cmdId": "[uuid]",
    "range": [],
    "command": {
      "type": "solid3d_get_next_adjacent_edge",
      "object_id": "[uuid]",
      "edge_id": "[uuid]",
      "face_id": "[uuid]"
    }
  },
  {
    "cmdId": "[uuid]",
    "range": [],
    "command": {
      "type": "solid3d_get_next_adjacent_edge",
      "object_id": "[uuid]",
      "edge_id": "[uuid]",
      "face_id": "[uuid]"
    }
  },
  {
    "cmdId": "[uuid]",
    "range": [],
    "command": {
      "type": "solid3d_get_next_adjacent_edge",
      "object_id": "[uuid]",
      "edge_id": "[uuid]",
      "face_id": "[uuid]"
    }
  },
  {
    "cmdId": "[uuid]",
    "range": [],
    "command": {
      "type": "solid3d_get_opposite_edge",
      "object_id": "[uuid]",
      "edge_id": "[uuid]",
      "face_id": "[uuid]"
    }
  },
  {
    "cmdId": "[uuid]",
    "range": [],
    "command": {
      "type": "solid3d_get_opposite_edge",
      "object_id": "[uuid]",
      "edge_id": "[uuid]",
      "face_id": "[uuid]"
    }
  },
  {
    "cmdId": "[uuid]",
    "range": [],
    "command": {
      "type": "solid3d_get_opposite_edge",
      "object_id": "[uuid]",
      "edge_id": "[uuid]",
      "face_id": "[uuid]"
    }
  },
  {
    "cmdId": "[uuid]",
    "range": [],
    "command": {
      "type": "solid3d_get_opposite_edge",
      "object_id": "[uuid]",
      "edge_id": "[uuid]",
      "face_id": "[uuid]"
    }
  },
  {
    "cmdId": "[uuid]",
    "range": [],
    "command": {
      "type": "make_plane",
      "origin": {
        "x": 0.0,
        "y": 0.0,
        "z": 55.0
      },
      "x_axis": {
        "x": 1.0,
        "y": 0.0,
        "z": 0.0
      },
      "y_axis": {
        "x": 0.0,
        "y": 1.0,
        "z": 0.0
      },
      "size": 100.0,
      "clobber": false,
      "hide": false
    }
  },
  {
    "cmdId": "[uuid]",
    "range": [],
    "command": {
      "type": "plane_set_color",
      "plane_id": "[uuid]",
      "color": {
        "r": 0.6,
        "g": 0.6,
        "b": 0.6,
        "a": 0.3
      }
    }
  },
  {
    "cmdId": "[uuid]",
    "range": [],
    "command": {
      "type": "close_path",
      "path_id": "[uuid]"
    }
  },
  {
    "cmdId": "[uuid]",
    "range": [],
    "command": {
      "type": "enable_sketch_mode",
      "entity_id": "[uuid]",
      "ortho": false,
      "animated": false,
      "adjust_camera": false,
      "planar_normal": {
        "x": 0.0,
        "y": 0.0,
        "z": 1.0
      }
    }
  },
  {
    "cmdId": "[uuid]",
    "range": [],
    "command": {
      "type": "extend_path",
      "path": "[uuid]",
      "segment": {
        "type": "arc",
        "center": {
          "x": 0.0,
          "y": 0.0
        },
        "radius": 12.5,
        "start": {
          "unit": "degrees",
          "value": 0.0
        },
        "end": {
          "unit": "degrees",
          "value": 360.0
        },
        "relative": false
      }
    }
  },
  {
    "cmdId": "[uuid]",
    "range": [],
    "command": {
      "type": "move_path_pen",
      "path": "[uuid]",
      "to": {
        "x": 12.5,
        "y": 0.0,
        "z": 0.0
      }
    }
  },
  {
    "cmdId": "[uuid]",
    "range": [],
    "command": {
      "type": "object_visible",
      "object_id": "[uuid]",
      "hidden": true
    }
  },
  {
    "cmdId": "[uuid]",
    "range": [],
    "command": {
      "type": "sketch_mode_disable"
    }
  },
  {
    "cmdId": "[uuid]",
    "range": [],
    "command": {
      "type": "start_path"
    }
  },
  {
    "cmdId": "[uuid]",
    "range": [],
    "command": {
      "type": "enable_sketch_mode",
      "entity_id": "[uuid]",
      "ortho": false,
      "animated": false,
      "adjust_camera": false,
      "planar_normal": {
        "x": 0.0,
        "y": 0.0,
        "z": 1.0
      }
    }
  },
  {
    "cmdId": "[uuid]",
    "range": [],
    "command": {
      "type": "extrude",
      "target": "[uuid]",
      "distance": -60.0,
      "faces": null,
      "opposite": "None"
    }
  },
  {
    "cmdId": "[uuid]",
    "range": [],
    "command": {
      "type": "object_bring_to_front",
      "object_id": "[uuid]"
    }
  },
  {
    "cmdId": "[uuid]",
    "range": [],
    "command": {
      "type": "sketch_mode_disable"
    }
  },
  {
    "cmdId": "[uuid]",
    "range": [],
    "command": {
      "type": "solid3d_get_all_edge_faces",
      "object_id": "[uuid]",
      "edge_id": "[uuid]"
    }
  },
  {
    "cmdId": "[uuid]",
    "range": [],
    "command": {
      "type": "solid3d_get_all_edge_faces",
      "object_id": "[uuid]",
      "edge_id": "[uuid]"
    }
  },
  {
    "cmdId": "[uuid]",
    "range": [],
    "command": {
      "type": "solid3d_get_all_edge_faces",
      "object_id": "[uuid]",
      "edge_id": "[uuid]"
    }
  },
  {
    "cmdId": "[uuid]",
    "range": [],
    "command": {
      "type": "solid3d_get_extrusion_face_info",
      "object_id": "[uuid]",
      "edge_id": "[uuid]"
    }
  },
  {
    "cmdId": "[uuid]",
    "range": [],
    "command": {
      "type": "solid3d_get_next_adjacent_edge",
      "object_id": "[uuid]",
      "edge_id": "[uuid]",
      "face_id": "[uuid]"
    }
  },
  {
    "cmdId": "[uuid]",
    "range": [],
    "command": {
      "type": "solid3d_get_opposite_edge",
      "object_id": "[uuid]",
      "edge_id": "[uuid]",
      "face_id": "[uuid]"
    }
  },
  {
    "cmdId": "[uuid]",
    "range": [],
    "command": {
      "type": "boolean_subtract",
      "target_ids": [
        "[uuid]"
      ],
      "tool_ids": [
        "[uuid]"
      ],
      "tolerance": 0.0000001
    }
  }
]
