---
source: kcl-lib/src/simulation_tests.rs
description: Operations executed subtract_with_pattern_cut_thru.kcl
---
[
  {
    "type": "StdLibCall",
    "name": "startSketchOn",
    "unlabeledArg": {
      "value": {
        "type": "Plane",
        "artifact_id": "[uuid]"
      },
      "sourceRange": []
    },
    "labeledArgs": {},
    "sourceRange": []
  },
  {
    "type": "StdLibCall",
    "name": "extrude",
    "unlabeledArg": {
      "value": {
        "type": "Sketch",
        "value": {
          "artifactId": "[uuid]"
        }
      },
      "sourceRange": []
    },
    "labeledArgs": {
      "length": {
        "value": {
          "type": "Number",
          "value": 500.0,
          "ty": {
            "type": "Default",
            "len": {
              "type": "Mm"
            },
            "angle": {
              "type": "Degrees"
            }
          }
        },
        "sourceRange": []
      }
    },
    "sourceRange": []
  },
  {
    "type": "StdLibCall",
    "name": "startSketchOn",
    "unlabeledArg": {
      "value": {
        "type": "Plane",
        "artifact_id": "[uuid]"
      },
      "sourceRange": []
    },
    "labeledArgs": {},
    "sourceRange": []
  },
  {
    "type": "StdLibCall",
    "name": "extrude",
    "unlabeledArg": {
      "value": {
        "type": "Sketch",
        "value": {
          "artifactId": "[uuid]"
        }
      },
      "sourceRange": []
    },
    "labeledArgs": {
      "length": {
        "value": {
          "type": "Number",
          "value": 50.0,
          "ty": {
            "type": "Default",
            "len": {
              "type": "Mm"
            },
            "angle": {
              "type": "Degrees"
            }
          }
        },
        "sourceRange": []
      }
    },
    "sourceRange": []
  },
  {
    "type": "StdLibCall",
    "name": "patternLinear3d",
    "unlabeledArg": {
      "value": {
        "type": "Solid",
        "value": {
          "artifactId": "[uuid]"
        }
      },
      "sourceRange": []
    },
    "labeledArgs": {
      "axis": {
        "value": {
          "type": "Array",
          "value": [
            {
              "type": "Number",
              "value": 0.0,
              "ty": {
                "type": "Default",
                "len": {
                  "type": "Mm"
                },
                "angle": {
                  "type": "Degrees"
                }
              }
            },
            {
              "type": "Number",
              "value": 0.0,
              "ty": {
                "type": "Default",
                "len": {
                  "type": "Mm"
                },
                "angle": {
                  "type": "Degrees"
                }
              }
            },
            {
              "type": "Number",
              "value": 1.0,
              "ty": {
                "type": "Default",
                "len": {
                  "type": "Mm"
                },
                "angle": {
                  "type": "Degrees"
                }
              }
            }
          ]
        },
        "sourceRange": []
      },
      "distance": {
        "value": {
          "type": "Number",
          "value": 80.0,
          "ty": {
            "type": "Default",
            "len": {
              "type": "Mm"
            },
            "angle": {
              "type": "Degrees"
            }
          }
        },
        "sourceRange": []
      },
      "instances": {
        "value": {
          "type": "Number",
          "value": 5.0,
          "ty": {
            "type": "Known",
            "type": "Count"
          }
        },
        "sourceRange": []
      }
    },
    "sourceRange": []
  },
  {
    "type": "StdLibCall",
    "name": "subtract",
    "unlabeledArg": {
      "value": {
        "type": "Array",
        "value": [
          {
            "type": "Solid",
            "value": {
              "artifactId": "[uuid]"
            }
          }
        ]
      },
      "sourceRange": []
    },
    "labeledArgs": {
      "tools": {
        "value": {
          "type": "Array",
          "value": [
            {
              "type": "Solid",
              "value": {
                "artifactId": "[uuid]"
              }
            },
            {
              "type": "Solid",
              "value": {
                "artifactId": "[uuid]"
              }
            },
            {
              "type": "Solid",
              "value": {
                "artifactId": "[uuid]"
              }
            },
            {
              "type": "Solid",
              "value": {
                "artifactId": "[uuid]"
              }
            },
            {
              "type": "Solid",
              "value": {
                "artifactId": "[uuid]"
              }
            }
          ]
        },
        "sourceRange": []
      }
    },
    "sourceRange": []
  }
]
