---
source: kcl-lib/src/simulation_tests.rs
description: Operations executed pipe-with-bend.kcl
---
[
  {
    "type": "StdLibCall",
    "name": "startSketchOn",
    "unlabeledArg": {
      "value": {
        "type": "Plane",
        "artifact_id": "[uuid]"
      },
      "sourceRange": []
    },
    "labeledArgs": {},
    "sourceRange": []
  },
  {
    "type": "StdLibCall",
    "name": "subtract2d",
    "unlabeledArg": {
      "value": {
        "type": "Sketch",
        "value": {
          "artifactId": "[uuid]"
        }
      },
      "sourceRange": []
    },
    "labeledArgs": {
      "tool": {
        "value": {
          "type": "Sketch",
          "value": {
            "artifactId": "[uuid]"
          }
        },
        "sourceRange": []
      }
    },
    "sourceRange": []
  },
  {
    "type": "StdLibCall",
    "name": "revolve",
    "unlabeledArg": {
      "value": {
        "type": "Array",
        "value": [
          {
            "type": "Sketch",
            "value": {
              "artifactId": "[uuid]"
            }
          }
        ]
      },
      "sourceRange": []
    },
    "labeledArgs": {
      "angle": {
        "value": {
          "type": "Number",
          "value": 90.0,
          "ty": {
            "type": "Default",
            "len": {
              "type": "Inches"
            },
            "angle": {
              "type": "Degrees"
            }
          }
        },
        "sourceRange": []
      },
      "axis": {
        "value": {
          "type": "Object",
          "value": {
            "direction": {
              "type": "Array",
              "value": [
                {
                  "type": "Number",
                  "value": 0.0,
                  "ty": {
                    "type": "Default",
                    "len": {
                      "type": "Mm"
                    },
                    "angle": {
                      "type": "Degrees"
                    }
                  }
                },
                {
                  "type": "Number",
                  "value": 1.0,
                  "ty": {
                    "type": "Default",
                    "len": {
                      "type": "Mm"
                    },
                    "angle": {
                      "type": "Degrees"
                    }
                  }
                }
              ]
            },
            "origin": {
              "type": "Array",
              "value": [
                {
                  "type": "Number",
                  "value": 0.0,
                  "ty": {
                    "type": "Default",
                    "len": {
                      "type": "Mm"
                    },
                    "angle": {
                      "type": "Degrees"
                    }
                  }
                },
                {
                  "type": "Number",
                  "value": 0.0,
                  "ty": {
                    "type": "Default",
                    "len": {
                      "type": "Mm"
                    },
                    "angle": {
                      "type": "Degrees"
                    }
                  }
                }
              ]
            }
          }
        },
        "sourceRange": []
      }
    },
    "sourceRange": []
  }
]
