---
source: kcl-lib/src/simulation_tests.rs
description: Result of parsing big_number_angle_to_match_length_y.kcl
---
{
  "Ok": {
    "body": [
      {
        "commentStart": 0,
        "declaration": {
          "commentStart": 0,
          "end": 0,
          "id": {
            "commentStart": 0,
            "end": 0,
            "name": "part001",
            "start": 0,
            "type": "Identifier"
          },
          "init": {
            "body": [
              {
                "arguments": [
                  {
                    "commentStart": 24,
                    "end": 0,
                    "raw": "'XY'",
                    "start": 0,
                    "type": "Literal",
                    "type": "Literal",
                    "value": "XY"
                  }
                ],
                "callee": {
                  "abs_path": false,
                  "commentStart": 10,
                  "end": 0,
                  "name": {
                    "commentStart": 10,
                    "end": 0,
                    "name": "startSketchOn",
                    "start": 0,
                    "type": "Identifier"
                  },
                  "path": [],
                  "start": 0,
                  "type": "Name"
                },
                "commentStart": 10,
                "end": 0,
                "start": 0,
                "type": "CallExpression",
                "type": "CallExpression"
              },
              {
                "arguments": [
                  {
                    "commentStart": 50,
                    "elements": [
                      {
                        "commentStart": 51,
                        "end": 0,
                        "raw": "0",
                        "start": 0,
                        "type": "Literal",
                        "type": "Literal",
                        "value": {
                          "value": 0.0,
                          "suffix": "None"
                        }
                      },
                      {
                        "commentStart": 54,
                        "end": 0,
                        "raw": "0",
                        "start": 0,
                        "type": "Literal",
                        "type": "Literal",
                        "value": {
                          "value": 0.0,
                          "suffix": "None"
                        }
                      }
                    ],
                    "end": 0,
                    "start": 0,
                    "type": "ArrayExpression",
                    "type": "ArrayExpression"
                  },
                  {
                    "commentStart": 58,
                    "end": 0,
                    "start": 0,
                    "type": "PipeSubstitution",
                    "type": "PipeSubstitution"
                  }
                ],
                "callee": {
                  "abs_path": false,
                  "commentStart": 35,
                  "end": 0,
                  "name": {
                    "commentStart": 35,
                    "end": 0,
                    "name": "startProfileAt",
                    "start": 0,
                    "type": "Identifier"
                  },
                  "path": [],
                  "start": 0,
                  "type": "Name"
                },
                "commentStart": 35,
                "end": 0,
                "start": 0,
                "type": "CallExpression",
                "type": "CallExpression"
              },
              {
                "arguments": [
                  {
                    "type": "LabeledArg",
                    "label": {
                      "commentStart": 71,
                      "end": 0,
                      "name": "end",
                      "start": 0,
                      "type": "Identifier"
                    },
                    "arg": {
                      "commentStart": 77,
                      "elements": [
                        {
                          "commentStart": 78,
                          "end": 0,
                          "raw": "1",
                          "start": 0,
                          "type": "Literal",
                          "type": "Literal",
                          "value": {
                            "value": 1.0,
                            "suffix": "None"
                          }
                        },
                        {
                          "commentStart": 81,
                          "end": 0,
                          "raw": "3.82",
                          "start": 0,
                          "type": "Literal",
                          "type": "Literal",
                          "value": {
                            "value": 3.82,
                            "suffix": "None"
                          }
                        }
                      ],
                      "end": 0,
                      "start": 0,
                      "type": "ArrayExpression",
                      "type": "ArrayExpression"
                    }
                  },
                  {
                    "type": "LabeledArg",
                    "label": {
                      "commentStart": 88,
                      "end": 0,
                      "name": "tag",
                      "start": 0,
                      "type": "Identifier"
                    },
                    "arg": {
                      "commentStart": 94,
                      "end": 0,
                      "start": 0,
                      "type": "TagDeclarator",
                      "type": "TagDeclarator",
                      "value": "seg01"
                    }
                  }
                ],
                "callee": {
                  "abs_path": false,
                  "commentStart": 66,
                  "end": 0,
                  "name": {
                    "commentStart": 66,
                    "end": 0,
                    "name": "line",
                    "start": 0,
                    "type": "Identifier"
                  },
                  "path": [],
                  "start": 0,
                  "type": "Name"
                },
                "commentStart": 66,
                "end": 0,
                "start": 0,
                "type": "CallExpressionKw",
                "type": "CallExpressionKw",
                "unlabeled": null
              },
              {
                "arguments": [
                  {
                    "type": "LabeledArg",
                    "label": {
                      "commentStart": 118,
                      "end": 0,
                      "name": "angle",
                      "start": 0,
                      "type": "Identifier"
                    },
                    "arg": {
                      "argument": {
                        "arguments": [
                          {
                            "abs_path": false,
                            "commentStart": 147,
                            "end": 0,
                            "name": {
                              "commentStart": 147,
                              "end": 0,
                              "name": "seg01",
                              "start": 0,
                              "type": "Identifier"
                            },
                            "path": [],
                            "start": 0,
                            "type": "Name",
                            "type": "Name"
                          },
                          {
                            "commentStart": 154,
                            "end": 0,
                            "raw": "3",
                            "start": 0,
                            "type": "Literal",
                            "type": "Literal",
                            "value": {
                              "value": 3.0,
                              "suffix": "None"
                            }
                          },
                          {
                            "commentStart": 157,
                            "end": 0,
                            "start": 0,
                            "type": "PipeSubstitution",
                            "type": "PipeSubstitution"
                          }
                        ],
                        "callee": {
                          "abs_path": false,
                          "commentStart": 127,
                          "end": 0,
                          "name": {
                            "commentStart": 127,
                            "end": 0,
                            "name": "angleToMatchLengthY",
                            "start": 0,
                            "type": "Identifier"
                          },
                          "path": [],
                          "start": 0,
                          "type": "Name"
                        },
                        "commentStart": 127,
                        "end": 0,
                        "start": 0,
                        "type": "CallExpression",
                        "type": "CallExpression"
                      },
                      "commentStart": 126,
                      "end": 0,
                      "operator": "-",
                      "start": 0,
                      "type": "UnaryExpression",
                      "type": "UnaryExpression"
                    }
                  },
                  {
                    "type": "LabeledArg",
                    "label": {
                      "commentStart": 161,
                      "end": 0,
                      "name": "endAbsoluteY",
                      "start": 0,
                      "type": "Identifier"
                    },
                    "arg": {
                      "commentStart": 176,
                      "end": 0,
                      "raw": "3",
                      "start": 0,
                      "type": "Literal",
                      "type": "Literal",
                      "value": {
                        "value": 3.0,
                        "suffix": "None"
                      }
                    }
                  }
                ],
                "callee": {
                  "abs_path": false,
                  "commentStart": 107,
                  "end": 0,
                  "name": {
                    "commentStart": 107,
                    "end": 0,
                    "name": "angledLine",
                    "start": 0,
                    "type": "Identifier"
                  },
                  "path": [],
                  "start": 0,
                  "type": "Name"
                },
                "commentStart": 107,
                "end": 0,
                "start": 0,
                "type": "CallExpressionKw",
                "type": "CallExpressionKw",
                "unlabeled": null
              },
              {
                "arguments": [
                  {
                    "commentStart": 190,
                    "end": 0,
                    "start": 0,
                    "type": "PipeSubstitution",
                    "type": "PipeSubstitution"
                  }
                ],
                "callee": {
                  "abs_path": false,
                  "commentStart": 184,
                  "end": 0,
                  "name": {
                    "commentStart": 184,
                    "end": 0,
                    "name": "close",
                    "start": 0,
                    "type": "Identifier"
                  },
                  "path": [],
                  "start": 0,
                  "type": "Name"
                },
                "commentStart": 184,
                "end": 0,
                "start": 0,
                "type": "CallExpression",
                "type": "CallExpression"
              },
              {
                "arguments": [
                  {
                    "type": "LabeledArg",
                    "label": {
                      "commentStart": 206,
                      "end": 0,
                      "name": "length",
                      "start": 0,
                      "type": "Identifier"
                    },
                    "arg": {
                      "commentStart": 215,
                      "end": 0,
                      "raw": "10",
                      "start": 0,
                      "type": "Literal",
                      "type": "Literal",
                      "value": {
                        "value": 10.0,
                        "suffix": "None"
                      }
                    }
                  }
                ],
                "callee": {
                  "abs_path": false,
                  "commentStart": 198,
                  "end": 0,
                  "name": {
                    "commentStart": 198,
                    "end": 0,
                    "name": "extrude",
                    "start": 0,
                    "type": "Identifier"
                  },
                  "path": [],
                  "start": 0,
                  "type": "Name"
                },
                "commentStart": 198,
                "end": 0,
                "start": 0,
                "type": "CallExpressionKw",
                "type": "CallExpressionKw",
                "unlabeled": null
              }
            ],
            "commentStart": 10,
            "end": 0,
            "start": 0,
            "type": "PipeExpression",
            "type": "PipeExpression"
          },
          "start": 0,
          "type": "VariableDeclarator"
        },
        "end": 0,
        "kind": "const",
        "start": 0,
        "type": "VariableDeclaration",
        "type": "VariableDeclaration"
      }
    ],
    "commentStart": 0,
    "end": 0,
    "start": 0
  }
}
