---
source: kcl/src/simulation_tests.rs
description: Operations executed argument_error.kcl
snapshot_kind: text
---
[]
