---
source: kcl-lib/src/simulation_tests.rs
description: Artifact graph flowchart involute_circular_units.kcl
extension: md
snapshot_kind: binary
---
