---
source: kcl/src/simulation_tests.rs
description: Artifact graph flowchart revolve_about_edge.kcl
extension: md
snapshot_kind: binary
---
