---
source: kcl-lib/src/simulation_tests.rs
description: Artifact graph flowchart multi_target_csg.kcl
extension: md
snapshot_kind: binary
---
