---
source: kcl-lib/src/simulation_tests.rs
description: Execution success computed_var.kcl
---
null
