---
source: kcl-lib/src/simulation_tests.rs
description: Result of parsing execute_engine_error_return.kcl
---
{
  "Ok": {
    "body": [
      {
        "commentStart": 0,
        "declaration": {
          "commentStart": 0,
          "end": 0,
          "id": {
            "commentStart": 0,
            "end": 0,
            "moduleId": 0,
            "name": "part001",
            "start": 0,
            "type": "Identifier"
          },
          "init": {
            "body": [
              {
                "arguments": [],
                "callee": {
                  "abs_path": false,
                  "commentStart": 0,
                  "end": 0,
                  "moduleId": 0,
                  "name": {
                    "commentStart": 0,
                    "end": 0,
                    "moduleId": 0,
                    "name": "startSketchOn",
                    "start": 0,
                    "type": "Identifier"
                  },
                  "path": [],
                  "start": 0,
                  "type": "Name"
                },
                "commentStart": 0,
                "end": 0,
                "moduleId": 0,
                "start": 0,
                "type": "CallExpressionKw",
                "type": "CallExpressionKw",
                "unlabeled": {
                  "abs_path": false,
                  "commentStart": 0,
                  "end": 0,
                  "moduleId": 0,
                  "name": {
                    "commentStart": 0,
                    "end": 0,
                    "moduleId": 0,
                    "name": "XY",
                    "start": 0,
                    "type": "Identifier"
                  },
                  "path": [],
                  "start": 0,
                  "type": "Name",
                  "type": "Name"
                }
              },
              {
                "arguments": [
                  {
                    "type": "LabeledArg",
                    "label": {
                      "commentStart": 0,
                      "end": 0,
                      "moduleId": 0,
                      "name": "at",
                      "start": 0,
                      "type": "Identifier"
                    },
                    "arg": {
                      "commentStart": 0,
                      "elements": [
                        {
                          "commentStart": 0,
                          "end": 0,
                          "moduleId": 0,
                          "raw": "5.5229",
                          "start": 0,
                          "type": "Literal",
                          "type": "Literal",
                          "value": {
                            "value": 5.5229,
                            "suffix": "None"
                          }
                        },
                        {
                          "commentStart": 0,
                          "end": 0,
                          "moduleId": 0,
                          "raw": "5.25217",
                          "start": 0,
                          "type": "Literal",
                          "type": "Literal",
                          "value": {
                            "value": 5.25217,
                            "suffix": "None"
                          }
                        }
                      ],
                      "end": 0,
                      "moduleId": 0,
                      "start": 0,
                      "type": "ArrayExpression",
                      "type": "ArrayExpression"
                    }
                  }
                ],
                "callee": {
                  "abs_path": false,
                  "commentStart": 0,
                  "end": 0,
                  "moduleId": 0,
                  "name": {
                    "commentStart": 0,
                    "end": 0,
                    "moduleId": 0,
                    "name": "startProfile",
                    "start": 0,
                    "type": "Identifier"
                  },
                  "path": [],
                  "start": 0,
                  "type": "Name"
                },
                "commentStart": 0,
                "end": 0,
                "moduleId": 0,
                "start": 0,
                "type": "CallExpressionKw",
                "type": "CallExpressionKw",
                "unlabeled": null
              },
              {
                "arguments": [
                  {
                    "type": "LabeledArg",
                    "label": {
                      "commentStart": 0,
                      "end": 0,
                      "moduleId": 0,
                      "name": "end",
                      "start": 0,
                      "type": "Identifier"
                    },
                    "arg": {
                      "commentStart": 0,
                      "elements": [
                        {
                          "commentStart": 0,
                          "end": 0,
                          "moduleId": 0,
                          "raw": "10.50433",
                          "start": 0,
                          "type": "Literal",
                          "type": "Literal",
                          "value": {
                            "value": 10.50433,
                            "suffix": "None"
                          }
                        },
                        {
                          "argument": {
                            "commentStart": 0,
                            "end": 0,
                            "moduleId": 0,
                            "raw": "1.19122",
                            "start": 0,
                            "type": "Literal",
                            "type": "Literal",
                            "value": {
                              "value": 1.19122,
                              "suffix": "None"
                            }
                          },
                          "commentStart": 0,
                          "end": 0,
                          "moduleId": 0,
                          "operator": "-",
                          "start": 0,
                          "type": "UnaryExpression",
                          "type": "UnaryExpression"
                        }
                      ],
                      "end": 0,
                      "moduleId": 0,
                      "start": 0,
                      "type": "ArrayExpression",
                      "type": "ArrayExpression"
                    }
                  }
                ],
                "callee": {
                  "abs_path": false,
                  "commentStart": 0,
                  "end": 0,
                  "moduleId": 0,
                  "name": {
                    "commentStart": 0,
                    "end": 0,
                    "moduleId": 0,
                    "name": "line",
                    "start": 0,
                    "type": "Identifier"
                  },
                  "path": [],
                  "start": 0,
                  "type": "Name"
                },
                "commentStart": 0,
                "end": 0,
                "moduleId": 0,
                "start": 0,
                "type": "CallExpressionKw",
                "type": "CallExpressionKw",
                "unlabeled": null
              },
              {
                "arguments": [
                  {
                    "type": "LabeledArg",
                    "label": {
                      "commentStart": 0,
                      "end": 0,
                      "moduleId": 0,
                      "name": "end",
                      "start": 0,
                      "type": "Identifier"
                    },
                    "arg": {
                      "commentStart": 0,
                      "elements": [
                        {
                          "commentStart": 0,
                          "end": 0,
                          "moduleId": 0,
                          "raw": "8.01362",
                          "start": 0,
                          "type": "Literal",
                          "type": "Literal",
                          "value": {
                            "value": 8.01362,
                            "suffix": "None"
                          }
                        },
                        {
                          "argument": {
                            "commentStart": 0,
                            "end": 0,
                            "moduleId": 0,
                            "raw": "5.48731",
                            "start": 0,
                            "type": "Literal",
                            "type": "Literal",
                            "value": {
                              "value": 5.48731,
                              "suffix": "None"
                            }
                          },
                          "commentStart": 0,
                          "end": 0,
                          "moduleId": 0,
                          "operator": "-",
                          "start": 0,
                          "type": "UnaryExpression",
                          "type": "UnaryExpression"
                        }
                      ],
                      "end": 0,
                      "moduleId": 0,
                      "start": 0,
                      "type": "ArrayExpression",
                      "type": "ArrayExpression"
                    }
                  }
                ],
                "callee": {
                  "abs_path": false,
                  "commentStart": 0,
                  "end": 0,
                  "moduleId": 0,
                  "name": {
                    "commentStart": 0,
                    "end": 0,
                    "moduleId": 0,
                    "name": "line",
                    "start": 0,
                    "type": "Identifier"
                  },
                  "path": [],
                  "start": 0,
                  "type": "Name"
                },
                "commentStart": 0,
                "end": 0,
                "moduleId": 0,
                "start": 0,
                "type": "CallExpressionKw",
                "type": "CallExpressionKw",
                "unlabeled": null
              },
              {
                "arguments": [
                  {
                    "type": "LabeledArg",
                    "label": {
                      "commentStart": 0,
                      "end": 0,
                      "moduleId": 0,
                      "name": "end",
                      "start": 0,
                      "type": "Identifier"
                    },
                    "arg": {
                      "commentStart": 0,
                      "elements": [
                        {
                          "argument": {
                            "commentStart": 0,
                            "end": 0,
                            "moduleId": 0,
                            "raw": "1.02877",
                            "start": 0,
                            "type": "Literal",
                            "type": "Literal",
                            "value": {
                              "value": 1.02877,
                              "suffix": "None"
                            }
                          },
                          "commentStart": 0,
                          "end": 0,
                          "moduleId": 0,
                          "operator": "-",
                          "start": 0,
                          "type": "UnaryExpression",
                          "type": "UnaryExpression"
                        },
                        {
                          "argument": {
                            "commentStart": 0,
                            "end": 0,
                            "moduleId": 0,
                            "raw": "6.76825",
                            "start": 0,
                            "type": "Literal",
                            "type": "Literal",
                            "value": {
                              "value": 6.76825,
                              "suffix": "None"
                            }
                          },
                          "commentStart": 0,
                          "end": 0,
                          "moduleId": 0,
                          "operator": "-",
                          "start": 0,
                          "type": "UnaryExpression",
                          "type": "UnaryExpression"
                        }
                      ],
                      "end": 0,
                      "moduleId": 0,
                      "start": 0,
                      "type": "ArrayExpression",
                      "type": "ArrayExpression"
                    }
                  }
                ],
                "callee": {
                  "abs_path": false,
                  "commentStart": 0,
                  "end": 0,
                  "moduleId": 0,
                  "name": {
                    "commentStart": 0,
                    "end": 0,
                    "moduleId": 0,
                    "name": "line",
                    "start": 0,
                    "type": "Identifier"
                  },
                  "path": [],
                  "start": 0,
                  "type": "Name"
                },
                "commentStart": 0,
                "end": 0,
                "moduleId": 0,
                "start": 0,
                "type": "CallExpressionKw",
                "type": "CallExpressionKw",
                "unlabeled": null
              },
              {
                "arguments": [
                  {
                    "type": "LabeledArg",
                    "label": {
                      "commentStart": 0,
                      "end": 0,
                      "moduleId": 0,
                      "name": "end",
                      "start": 0,
                      "type": "Identifier"
                    },
                    "arg": {
                      "commentStart": 0,
                      "elements": [
                        {
                          "argument": {
                            "commentStart": 0,
                            "end": 0,
                            "moduleId": 0,
                            "raw": "11.53311",
                            "start": 0,
                            "type": "Literal",
                            "type": "Literal",
                            "value": {
                              "value": 11.53311,
                              "suffix": "None"
                            }
                          },
                          "commentStart": 0,
                          "end": 0,
                          "moduleId": 0,
                          "operator": "-",
                          "start": 0,
                          "type": "UnaryExpression",
                          "type": "UnaryExpression"
                        },
                        {
                          "commentStart": 0,
                          "end": 0,
                          "moduleId": 0,
                          "raw": "2.81559",
                          "start": 0,
                          "type": "Literal",
                          "type": "Literal",
                          "value": {
                            "value": 2.81559,
                            "suffix": "None"
                          }
                        }
                      ],
                      "end": 0,
                      "moduleId": 0,
                      "start": 0,
                      "type": "ArrayExpression",
                      "type": "ArrayExpression"
                    }
                  }
                ],
                "callee": {
                  "abs_path": false,
                  "commentStart": 0,
                  "end": 0,
                  "moduleId": 0,
                  "name": {
                    "commentStart": 0,
                    "end": 0,
                    "moduleId": 0,
                    "name": "line",
                    "start": 0,
                    "type": "Identifier"
                  },
                  "path": [],
                  "start": 0,
                  "type": "Name"
                },
                "commentStart": 0,
                "end": 0,
                "moduleId": 0,
                "start": 0,
                "type": "CallExpressionKw",
                "type": "CallExpressionKw",
                "unlabeled": null
              },
              {
                "arguments": [
                  {
                    "type": "LabeledArg",
                    "label": {
                      "commentStart": 0,
                      "end": 0,
                      "moduleId": 0,
                      "name": "length",
                      "start": 0,
                      "type": "Identifier"
                    },
                    "arg": {
                      "commentStart": 0,
                      "end": 0,
                      "moduleId": 0,
                      "raw": "4",
                      "start": 0,
                      "type": "Literal",
                      "type": "Literal",
                      "value": {
                        "value": 4.0,
                        "suffix": "None"
                      }
                    }
                  }
                ],
                "callee": {
                  "abs_path": false,
                  "commentStart": 0,
                  "end": 0,
                  "moduleId": 0,
                  "name": {
                    "commentStart": 0,
                    "end": 0,
                    "moduleId": 0,
                    "name": "extrude",
                    "start": 0,
                    "type": "Identifier"
                  },
                  "path": [],
                  "start": 0,
                  "type": "Name"
                },
                "commentStart": 0,
                "end": 0,
                "moduleId": 0,
                "start": 0,
                "type": "CallExpressionKw",
                "type": "CallExpressionKw",
                "unlabeled": null
              }
            ],
            "commentStart": 0,
            "end": 0,
            "moduleId": 0,
            "start": 0,
            "type": "PipeExpression",
            "type": "PipeExpression"
          },
          "moduleId": 0,
          "start": 0,
          "type": "VariableDeclarator"
        },
        "end": 0,
        "kind": "const",
        "moduleId": 0,
        "start": 0,
        "type": "VariableDeclaration",
        "type": "VariableDeclaration"
      }
    ],
    "commentStart": 0,
    "end": 0,
    "moduleId": 0,
    "start": 0
  }
}
