---
source: kcl-lib/src/simulation_tests.rs
description: Artifact graph flowchart array_concat_non_array.kcl
extension: md
snapshot_kind: binary
---
