---
source: kcl-lib/src/simulation_tests.rs
description: Operations executed gridfinity-bins.kcl
---
[
  {
    "labeledArgs": {
      "offset": {
        "value": {
          "type": "Number",
          "value": 4.0,
          "ty": {
            "type": "Default",
            "len": {
              "type": "Mm"
            },
            "angle": {
              "type": "Degrees"
            }
          }
        },
        "sourceRange": []
      }
    },
    "name": "offsetPlane",
    "sourceRange": [],
    "type": "StdLibCall",
    "unlabeledArg": {
      "value": {
        "type": "Plane",
        "artifact_id": "[uuid]"
      },
      "sourceRange": []
    }
  },
  {
    "type": "GroupBegin",
    "group": {
      "type": "FunctionCall",
      "name": "face",
      "functionSourceRange": [
        875,
        1218,
        0
      ],
      "unlabeledArg": null,
      "labeledArgs": {}
    },
    "sourceRange": []
  },
  {
    "labeledArgs": {
      "data": {
        "value": {
          "type": "Plane",
          "artifact_id": "[uuid]"
        },
        "sourceRange": []
      }
    },
    "name": "startSketchOn",
    "sourceRange": [],
    "type": "StdLibCall",
    "unlabeledArg": null
  },
  {
    "type": "GroupEnd"
  },
  {
    "labeledArgs": {
      "length": {
        "value": {
          "type": "Number",
          "value": 34.0,
          "ty": {
            "type": "Default",
            "len": {
              "type": "Mm"
            },
            "angle": {
              "type": "Degrees"
            }
          }
        },
        "sourceRange": []
      }
    },
    "name": "extrude",
    "sourceRange": [],
    "type": "StdLibCall",
    "unlabeledArg": {
      "value": {
        "type": "Sketch",
        "value": {
          "artifactId": "[uuid]"
        }
      },
      "sourceRange": []
    }
  },
  {
    "labeledArgs": {
      "arcDegrees": {
        "value": {
          "type": "Number",
          "value": 360.0,
          "ty": {
            "type": "Default",
            "len": {
              "type": "Mm"
            },
            "angle": {
              "type": "Degrees"
            }
          }
        },
        "sourceRange": []
      },
      "axis": {
        "value": {
          "type": "Array",
          "value": [
            {
              "type": "Number",
              "value": 0.0,
              "ty": {
                "type": "Default",
                "len": {
                  "type": "Mm"
                },
                "angle": {
                  "type": "Degrees"
                }
              }
            },
            {
              "type": "Number",
              "value": 0.0,
              "ty": {
                "type": "Default",
                "len": {
                  "type": "Mm"
                },
                "angle": {
                  "type": "Degrees"
                }
              }
            },
            {
              "type": "Number",
              "value": 1.0,
              "ty": {
                "type": "Default",
                "len": {
                  "type": "Mm"
                },
                "angle": {
                  "type": "Degrees"
                }
              }
            }
          ]
        },
        "sourceRange": []
      },
      "center": {
        "value": {
          "type": "Array",
          "value": [
            {
              "type": "Number",
              "value": 21.0,
              "ty": {
                "type": "Known",
                "type": "Count"
              }
            },
            {
              "type": "Number",
              "value": 21.0,
              "ty": {
                "type": "Known",
                "type": "Count"
              }
            },
            {
              "type": "Number",
              "value": 0.0,
              "ty": {
                "type": "Default",
                "len": {
                  "type": "Mm"
                },
                "angle": {
                  "type": "Degrees"
                }
              }
            }
          ]
        },
        "sourceRange": []
      },
      "instances": {
        "value": {
          "type": "Number",
          "value": 4.0,
          "ty": {
            "type": "Default",
            "len": {
              "type": "Mm"
            },
            "angle": {
              "type": "Degrees"
            }
          }
        },
        "sourceRange": []
      },
      "rotateDuplicates": {
        "value": {
          "type": "Bool",
          "value": true
        },
        "sourceRange": []
      }
    },
    "name": "patternCircular3d",
    "sourceRange": [],
    "type": "StdLibCall",
    "unlabeledArg": {
      "value": {
        "type": "Solid",
        "value": {
          "artifactId": "[uuid]"
        }
      },
      "sourceRange": []
    }
  },
  {
    "labeledArgs": {
      "offset": {
        "value": {
          "type": "Number",
          "value": 4.0,
          "ty": {
            "type": "Default",
            "len": {
              "type": "Mm"
            },
            "angle": {
              "type": "Degrees"
            }
          }
        },
        "sourceRange": []
      }
    },
    "name": "offsetPlane",
    "sourceRange": [],
    "type": "StdLibCall",
    "unlabeledArg": {
      "value": {
        "type": "Plane",
        "artifact_id": "[uuid]"
      },
      "sourceRange": []
    }
  },
  {
    "type": "GroupBegin",
    "group": {
      "type": "FunctionCall",
      "name": "face",
      "functionSourceRange": [
        875,
        1218,
        0
      ],
      "unlabeledArg": null,
      "labeledArgs": {}
    },
    "sourceRange": []
  },
  {
    "labeledArgs": {
      "data": {
        "value": {
          "type": "Plane",
          "artifact_id": "[uuid]"
        },
        "sourceRange": []
      }
    },
    "name": "startSketchOn",
    "sourceRange": [],
    "type": "StdLibCall",
    "unlabeledArg": null
  },
  {
    "type": "GroupEnd"
  },
  {
    "type": "KclStdLibCall",
    "name": "revolve",
    "unlabeledArg": {
      "value": {
        "type": "Array",
        "value": [
          {
            "type": "Sketch",
            "value": {
              "artifactId": "[uuid]"
            }
          }
        ]
      },
      "sourceRange": []
    },
    "labeledArgs": {
      "angle": {
        "value": {
          "type": "Number",
          "value": -90.0,
          "ty": {
            "type": "Default",
            "len": {
              "type": "Mm"
            },
            "angle": {
              "type": "Degrees"
            }
          }
        },
        "sourceRange": []
      },
      "axis": {
        "value": {
          "type": "Object",
          "value": {
            "direction": {
              "type": "Array",
              "value": [
                {
                  "type": "Number",
                  "value": 0.0,
                  "ty": {
                    "type": "Default",
                    "len": {
                      "type": "Mm"
                    },
                    "angle": {
                      "type": "Degrees"
                    }
                  }
                },
                {
                  "type": "Number",
                  "value": 1.0,
                  "ty": {
                    "type": "Default",
                    "len": {
                      "type": "Mm"
                    },
                    "angle": {
                      "type": "Degrees"
                    }
                  }
                }
              ]
            },
            "origin": {
              "type": "Array",
              "value": [
                {
                  "type": "Number",
                  "value": 4.0,
                  "ty": {
                    "type": "Default",
                    "len": {
                      "type": "Mm"
                    },
                    "angle": {
                      "type": "Degrees"
                    }
                  }
                },
                {
                  "type": "Number",
                  "value": 4.0,
                  "ty": {
                    "type": "Default",
                    "len": {
                      "type": "Mm"
                    },
                    "angle": {
                      "type": "Degrees"
                    }
                  }
                }
              ]
            }
          }
        },
        "sourceRange": []
      }
    },
    "sourceRange": []
  },
  {
    "labeledArgs": {
      "arcDegrees": {
        "value": {
          "type": "Number",
          "value": 360.0,
          "ty": {
            "type": "Default",
            "len": {
              "type": "Mm"
            },
            "angle": {
              "type": "Degrees"
            }
          }
        },
        "sourceRange": []
      },
      "axis": {
        "value": {
          "type": "Array",
          "value": [
            {
              "type": "Number",
              "value": 0.0,
              "ty": {
                "type": "Default",
                "len": {
                  "type": "Mm"
                },
                "angle": {
                  "type": "Degrees"
                }
              }
            },
            {
              "type": "Number",
              "value": 0.0,
              "ty": {
                "type": "Default",
                "len": {
                  "type": "Mm"
                },
                "angle": {
                  "type": "Degrees"
                }
              }
            },
            {
              "type": "Number",
              "value": 1.0,
              "ty": {
                "type": "Default",
                "len": {
                  "type": "Mm"
                },
                "angle": {
                  "type": "Degrees"
                }
              }
            }
          ]
        },
        "sourceRange": []
      },
      "center": {
        "value": {
          "type": "Array",
          "value": [
            {
              "type": "Number",
              "value": 21.0,
              "ty": {
                "type": "Known",
                "type": "Count"
              }
            },
            {
              "type": "Number",
              "value": 21.0,
              "ty": {
                "type": "Known",
                "type": "Count"
              }
            },
            {
              "type": "Number",
              "value": 0.0,
              "ty": {
                "type": "Default",
                "len": {
                  "type": "Mm"
                },
                "angle": {
                  "type": "Degrees"
                }
              }
            }
          ]
        },
        "sourceRange": []
      },
      "instances": {
        "value": {
          "type": "Number",
          "value": 4.0,
          "ty": {
            "type": "Default",
            "len": {
              "type": "Mm"
            },
            "angle": {
              "type": "Degrees"
            }
          }
        },
        "sourceRange": []
      },
      "rotateDuplicates": {
        "value": {
          "type": "Bool",
          "value": true
        },
        "sourceRange": []
      }
    },
    "name": "patternCircular3d",
    "sourceRange": [],
    "type": "StdLibCall",
    "unlabeledArg": {
      "value": {
        "type": "Solid",
        "value": {
          "artifactId": "[uuid]"
        }
      },
      "sourceRange": []
    }
  },
  {
    "labeledArgs": {
      "data": {
        "value": {
          "type": "Plane",
          "artifact_id": "[uuid]"
        },
        "sourceRange": []
      }
    },
    "name": "startSketchOn",
    "sourceRange": [],
    "type": "StdLibCall",
    "unlabeledArg": null
  },
  {
    "labeledArgs": {
      "length": {
        "value": {
          "type": "Number",
          "value": 4.75,
          "ty": {
            "type": "Default",
            "len": {
              "type": "Mm"
            },
            "angle": {
              "type": "Degrees"
            }
          }
        },
        "sourceRange": []
      }
    },
    "name": "extrude",
    "sourceRange": [],
    "type": "StdLibCall",
    "unlabeledArg": {
      "value": {
        "type": "Sketch",
        "value": {
          "artifactId": "[uuid]"
        }
      },
      "sourceRange": []
    }
  },
  {
    "labeledArgs": {
      "radius": {
        "value": {
          "type": "Number",
          "value": 0.8,
          "ty": {
            "type": "Default",
            "len": {
              "type": "Mm"
            },
            "angle": {
              "type": "Degrees"
            }
          }
        },
        "sourceRange": []
      },
      "tags": {
        "value": {
          "type": "Array",
          "value": [
            {
              "type": "Uuid",
              "value": "[uuid]"
            },
            {
              "type": "Uuid",
              "value": "[uuid]"
            },
            {
              "type": "Uuid",
              "value": "[uuid]"
            },
            {
              "type": "Uuid",
              "value": "[uuid]"
            }
          ]
        },
        "sourceRange": []
      }
    },
    "name": "fillet",
    "sourceRange": [],
    "type": "StdLibCall",
    "unlabeledArg": {
      "value": {
        "type": "Solid",
        "value": {
          "artifactId": "[uuid]"
        }
      },
      "sourceRange": []
    }
  },
  {
    "labeledArgs": {
      "data": {
        "value": {
          "type": "Solid",
          "value": {
            "artifactId": "[uuid]"
          }
        },
        "sourceRange": []
      },
      "tag": {
        "value": {
          "type": "String",
          "value": "start"
        },
        "sourceRange": []
      }
    },
    "name": "startSketchOn",
    "sourceRange": [],
    "type": "StdLibCall",
    "unlabeledArg": null
  },
  {
    "labeledArgs": {
      "length": {
        "value": {
          "type": "Number",
          "value": -2.4,
          "ty": {
            "type": "Default",
            "len": {
              "type": "Mm"
            },
            "angle": {
              "type": "Degrees"
            }
          }
        },
        "sourceRange": []
      }
    },
    "name": "extrude",
    "sourceRange": [],
    "type": "StdLibCall",
    "unlabeledArg": {
      "value": {
        "type": "Array",
        "value": [
          {
            "type": "Sketch",
            "value": {
              "artifactId": "[uuid]"
            }
          },
          {
            "type": "Sketch",
            "value": {
              "artifactId": "[uuid]"
            }
          },
          {
            "type": "Sketch",
            "value": {
              "artifactId": "[uuid]"
            }
          },
          {
            "type": "Sketch",
            "value": {
              "artifactId": "[uuid]"
            }
          }
        ]
      },
      "sourceRange": []
    }
  },
  {
    "labeledArgs": {
      "axis": {
        "value": {
          "type": "Array",
          "value": [
            {
              "type": "Number",
              "value": 1.0,
              "ty": {
                "type": "Default",
                "len": {
                  "type": "Mm"
                },
                "angle": {
                  "type": "Degrees"
                }
              }
            },
            {
              "type": "Number",
              "value": 0.0,
              "ty": {
                "type": "Default",
                "len": {
                  "type": "Mm"
                },
                "angle": {
                  "type": "Degrees"
                }
              }
            },
            {
              "type": "Number",
              "value": 0.0,
              "ty": {
                "type": "Default",
                "len": {
                  "type": "Mm"
                },
                "angle": {
                  "type": "Degrees"
                }
              }
            }
          ]
        },
        "sourceRange": []
      },
      "distance": {
        "value": {
          "type": "Number",
          "value": 42.0,
          "ty": {
            "type": "Default",
            "len": {
              "type": "Mm"
            },
            "angle": {
              "type": "Degrees"
            }
          }
        },
        "sourceRange": []
      },
      "instances": {
        "value": {
          "type": "Number",
          "value": 2.0,
          "ty": {
            "type": "Default",
            "len": {
              "type": "Mm"
            },
            "angle": {
              "type": "Degrees"
            }
          }
        },
        "sourceRange": []
      }
    },
    "name": "patternLinear3d",
    "sourceRange": [],
    "type": "StdLibCall",
    "unlabeledArg": {
      "value": {
        "type": "Array",
        "value": [
          {
            "type": "Solid",
            "value": {
              "artifactId": "[uuid]"
            }
          },
          {
            "type": "Solid",
            "value": {
              "artifactId": "[uuid]"
            }
          },
          {
            "type": "Solid",
            "value": {
              "artifactId": "[uuid]"
            }
          },
          {
            "type": "Solid",
            "value": {
              "artifactId": "[uuid]"
            }
          }
        ]
      },
      "sourceRange": []
    }
  },
  {
    "labeledArgs": {
      "axis": {
        "value": {
          "type": "Array",
          "value": [
            {
              "type": "Number",
              "value": 0.0,
              "ty": {
                "type": "Default",
                "len": {
                  "type": "Mm"
                },
                "angle": {
                  "type": "Degrees"
                }
              }
            },
            {
              "type": "Number",
              "value": 1.0,
              "ty": {
                "type": "Default",
                "len": {
                  "type": "Mm"
                },
                "angle": {
                  "type": "Degrees"
                }
              }
            },
            {
              "type": "Number",
              "value": 0.0,
              "ty": {
                "type": "Default",
                "len": {
                  "type": "Mm"
                },
                "angle": {
                  "type": "Degrees"
                }
              }
            }
          ]
        },
        "sourceRange": []
      },
      "distance": {
        "value": {
          "type": "Number",
          "value": 42.0,
          "ty": {
            "type": "Default",
            "len": {
              "type": "Mm"
            },
            "angle": {
              "type": "Degrees"
            }
          }
        },
        "sourceRange": []
      },
      "instances": {
        "value": {
          "type": "Number",
          "value": 3.0,
          "ty": {
            "type": "Default",
            "len": {
              "type": "Mm"
            },
            "angle": {
              "type": "Degrees"
            }
          }
        },
        "sourceRange": []
      }
    },
    "name": "patternLinear3d",
    "sourceRange": [],
    "type": "StdLibCall",
    "unlabeledArg": {
      "value": {
        "type": "Array",
        "value": [
          {
            "type": "Solid",
            "value": {
              "artifactId": "[uuid]"
            }
          },
          {
            "type": "Solid",
            "value": {
              "artifactId": "[uuid]"
            }
          },
          {
            "type": "Solid",
            "value": {
              "artifactId": "[uuid]"
            }
          },
          {
            "type": "Solid",
            "value": {
              "artifactId": "[uuid]"
            }
          },
          {
            "type": "Solid",
            "value": {
              "artifactId": "[uuid]"
            }
          },
          {
            "type": "Solid",
            "value": {
              "artifactId": "[uuid]"
            }
          },
          {
            "type": "Solid",
            "value": {
              "artifactId": "[uuid]"
            }
          },
          {
            "type": "Solid",
            "value": {
              "artifactId": "[uuid]"
            }
          }
        ]
      },
      "sourceRange": []
    }
  },
  {
    "labeledArgs": {
      "axis": {
        "value": {
          "type": "Array",
          "value": [
            {
              "type": "Number",
              "value": 1.0,
              "ty": {
                "type": "Default",
                "len": {
                  "type": "Mm"
                },
                "angle": {
                  "type": "Degrees"
                }
              }
            },
            {
              "type": "Number",
              "value": 0.0,
              "ty": {
                "type": "Default",
                "len": {
                  "type": "Mm"
                },
                "angle": {
                  "type": "Degrees"
                }
              }
            },
            {
              "type": "Number",
              "value": 0.0,
              "ty": {
                "type": "Default",
                "len": {
                  "type": "Mm"
                },
                "angle": {
                  "type": "Degrees"
                }
              }
            }
          ]
        },
        "sourceRange": []
      },
      "distance": {
        "value": {
          "type": "Number",
          "value": 42.0,
          "ty": {
            "type": "Default",
            "len": {
              "type": "Mm"
            },
            "angle": {
              "type": "Degrees"
            }
          }
        },
        "sourceRange": []
      },
      "instances": {
        "value": {
          "type": "Number",
          "value": 2.0,
          "ty": {
            "type": "Default",
            "len": {
              "type": "Mm"
            },
            "angle": {
              "type": "Degrees"
            }
          }
        },
        "sourceRange": []
      }
    },
    "name": "patternLinear3d",
    "sourceRange": [],
    "type": "StdLibCall",
    "unlabeledArg": {
      "value": {
        "type": "Array",
        "value": [
          {
            "type": "Solid",
            "value": {
              "artifactId": "[uuid]"
            }
          },
          {
            "type": "Solid",
            "value": {
              "artifactId": "[uuid]"
            }
          },
          {
            "type": "Solid",
            "value": {
              "artifactId": "[uuid]"
            }
          },
          {
            "type": "Solid",
            "value": {
              "artifactId": "[uuid]"
            }
          }
        ]
      },
      "sourceRange": []
    }
  },
  {
    "labeledArgs": {
      "axis": {
        "value": {
          "type": "Array",
          "value": [
            {
              "type": "Number",
              "value": 0.0,
              "ty": {
                "type": "Default",
                "len": {
                  "type": "Mm"
                },
                "angle": {
                  "type": "Degrees"
                }
              }
            },
            {
              "type": "Number",
              "value": 1.0,
              "ty": {
                "type": "Default",
                "len": {
                  "type": "Mm"
                },
                "angle": {
                  "type": "Degrees"
                }
              }
            },
            {
              "type": "Number",
              "value": 0.0,
              "ty": {
                "type": "Default",
                "len": {
                  "type": "Mm"
                },
                "angle": {
                  "type": "Degrees"
                }
              }
            }
          ]
        },
        "sourceRange": []
      },
      "distance": {
        "value": {
          "type": "Number",
          "value": 42.0,
          "ty": {
            "type": "Default",
            "len": {
              "type": "Mm"
            },
            "angle": {
              "type": "Degrees"
            }
          }
        },
        "sourceRange": []
      },
      "instances": {
        "value": {
          "type": "Number",
          "value": 3.0,
          "ty": {
            "type": "Default",
            "len": {
              "type": "Mm"
            },
            "angle": {
              "type": "Degrees"
            }
          }
        },
        "sourceRange": []
      }
    },
    "name": "patternLinear3d",
    "sourceRange": [],
    "type": "StdLibCall",
    "unlabeledArg": {
      "value": {
        "type": "Array",
        "value": [
          {
            "type": "Solid",
            "value": {
              "artifactId": "[uuid]"
            }
          },
          {
            "type": "Solid",
            "value": {
              "artifactId": "[uuid]"
            }
          },
          {
            "type": "Solid",
            "value": {
              "artifactId": "[uuid]"
            }
          },
          {
            "type": "Solid",
            "value": {
              "artifactId": "[uuid]"
            }
          },
          {
            "type": "Solid",
            "value": {
              "artifactId": "[uuid]"
            }
          },
          {
            "type": "Solid",
            "value": {
              "artifactId": "[uuid]"
            }
          },
          {
            "type": "Solid",
            "value": {
              "artifactId": "[uuid]"
            }
          },
          {
            "type": "Solid",
            "value": {
              "artifactId": "[uuid]"
            }
          }
        ]
      },
      "sourceRange": []
    }
  },
  {
    "labeledArgs": {
      "axis": {
        "value": {
          "type": "Array",
          "value": [
            {
              "type": "Number",
              "value": 1.0,
              "ty": {
                "type": "Default",
                "len": {
                  "type": "Mm"
                },
                "angle": {
                  "type": "Degrees"
                }
              }
            },
            {
              "type": "Number",
              "value": 0.0,
              "ty": {
                "type": "Default",
                "len": {
                  "type": "Mm"
                },
                "angle": {
                  "type": "Degrees"
                }
              }
            },
            {
              "type": "Number",
              "value": 0.0,
              "ty": {
                "type": "Default",
                "len": {
                  "type": "Mm"
                },
                "angle": {
                  "type": "Degrees"
                }
              }
            }
          ]
        },
        "sourceRange": []
      },
      "distance": {
        "value": {
          "type": "Number",
          "value": 42.0,
          "ty": {
            "type": "Default",
            "len": {
              "type": "Mm"
            },
            "angle": {
              "type": "Degrees"
            }
          }
        },
        "sourceRange": []
      },
      "instances": {
        "value": {
          "type": "Number",
          "value": 2.0,
          "ty": {
            "type": "Default",
            "len": {
              "type": "Mm"
            },
            "angle": {
              "type": "Degrees"
            }
          }
        },
        "sourceRange": []
      }
    },
    "name": "patternLinear3d",
    "sourceRange": [],
    "type": "StdLibCall",
    "unlabeledArg": {
      "value": {
        "type": "Solid",
        "value": {
          "artifactId": "[uuid]"
        }
      },
      "sourceRange": []
    }
  },
  {
    "labeledArgs": {
      "axis": {
        "value": {
          "type": "Array",
          "value": [
            {
              "type": "Number",
              "value": 0.0,
              "ty": {
                "type": "Default",
                "len": {
                  "type": "Mm"
                },
                "angle": {
                  "type": "Degrees"
                }
              }
            },
            {
              "type": "Number",
              "value": 1.0,
              "ty": {
                "type": "Default",
                "len": {
                  "type": "Mm"
                },
                "angle": {
                  "type": "Degrees"
                }
              }
            },
            {
              "type": "Number",
              "value": 0.0,
              "ty": {
                "type": "Default",
                "len": {
                  "type": "Mm"
                },
                "angle": {
                  "type": "Degrees"
                }
              }
            }
          ]
        },
        "sourceRange": []
      },
      "distance": {
        "value": {
          "type": "Number",
          "value": 42.0,
          "ty": {
            "type": "Default",
            "len": {
              "type": "Mm"
            },
            "angle": {
              "type": "Degrees"
            }
          }
        },
        "sourceRange": []
      },
      "instances": {
        "value": {
          "type": "Number",
          "value": 3.0,
          "ty": {
            "type": "Default",
            "len": {
              "type": "Mm"
            },
            "angle": {
              "type": "Degrees"
            }
          }
        },
        "sourceRange": []
      }
    },
    "name": "patternLinear3d",
    "sourceRange": [],
    "type": "StdLibCall",
    "unlabeledArg": {
      "value": {
        "type": "Array",
        "value": [
          {
            "type": "Solid",
            "value": {
              "artifactId": "[uuid]"
            }
          },
          {
            "type": "Solid",
            "value": {
              "artifactId": "[uuid]"
            }
          }
        ]
      },
      "sourceRange": []
    }
  },
  {
    "labeledArgs": {
      "offset": {
        "value": {
          "type": "Number",
          "value": 4.75,
          "ty": {
            "type": "Default",
            "len": {
              "type": "Mm"
            },
            "angle": {
              "type": "Degrees"
            }
          }
        },
        "sourceRange": []
      }
    },
    "name": "offsetPlane",
    "sourceRange": [],
    "type": "StdLibCall",
    "unlabeledArg": {
      "value": {
        "type": "Plane",
        "artifact_id": "[uuid]"
      },
      "sourceRange": []
    }
  },
  {
    "labeledArgs": {
      "data": {
        "value": {
          "type": "Plane",
          "artifact_id": "[uuid]"
        },
        "sourceRange": []
      }
    },
    "name": "startSketchOn",
    "sourceRange": [],
    "type": "StdLibCall",
    "unlabeledArg": null
  },
  {
    "labeledArgs": {
      "length": {
        "value": {
          "type": "Number",
          "value": 14.0,
          "ty": {
            "type": "Default",
            "len": {
              "type": "Mm"
            },
            "angle": {
              "type": "Degrees"
            }
          }
        },
        "sourceRange": []
      }
    },
    "name": "extrude",
    "sourceRange": [],
    "type": "StdLibCall",
    "unlabeledArg": {
      "value": {
        "type": "Sketch",
        "value": {
          "artifactId": "[uuid]"
        }
      },
      "sourceRange": []
    }
  },
  {
    "labeledArgs": {
      "radius": {
        "value": {
          "type": "Number",
          "value": 3.75,
          "ty": {
            "type": "Default",
            "len": {
              "type": "Mm"
            },
            "angle": {
              "type": "Degrees"
            }
          }
        },
        "sourceRange": []
      },
      "tags": {
        "value": {
          "type": "Array",
          "value": [
            {
              "type": "Uuid",
              "value": "[uuid]"
            },
            {
              "type": "Uuid",
              "value": "[uuid]"
            },
            {
              "type": "Uuid",
              "value": "[uuid]"
            },
            {
              "type": "Uuid",
              "value": "[uuid]"
            }
          ]
        },
        "sourceRange": []
      }
    },
    "name": "fillet",
    "sourceRange": [],
    "type": "StdLibCall",
    "unlabeledArg": {
      "value": {
        "type": "Solid",
        "value": {
          "artifactId": "[uuid]"
        }
      },
      "sourceRange": []
    }
  },
  {
    "labeledArgs": {
      "faces": {
        "value": {
          "type": "Array",
          "value": [
            {
              "type": "String",
              "value": "end"
            }
          ]
        },
        "sourceRange": []
      },
      "thickness": {
        "value": {
          "type": "Number",
          "value": 1.2,
          "ty": {
            "type": "Default",
            "len": {
              "type": "Mm"
            },
            "angle": {
              "type": "Degrees"
            }
          }
        },
        "sourceRange": []
      }
    },
    "name": "shell",
    "sourceRange": [],
    "type": "StdLibCall",
    "unlabeledArg": {
      "value": {
        "type": "Solid",
        "value": {
          "artifactId": "[uuid]"
        }
      },
      "sourceRange": []
    }
  }
]
