---
source: kcl-lib/src/simulation_tests.rs
description: Operations executed flush_batch_on_end.kcl
---
[
  {
    "labeledArgs": {},
    "name": "startSketchOn",
    "sourceRange": [],
    "type": "StdLibCall",
    "unlabeledArg": {
      "value": {
        "type": "Plane",
        "artifact_id": "[uuid]"
      },
      "sourceRange": []
    }
  },
  {
    "labeledArgs": {
      "tool": {
        "value": {
          "type": "Sketch",
          "value": {
            "artifactId": "[uuid]"
          }
        },
        "sourceRange": []
      }
    },
    "name": "subtract2d",
    "sourceRange": [],
    "type": "StdLibCall",
    "unlabeledArg": {
      "value": {
        "type": "Sketch",
        "value": {
          "artifactId": "[uuid]"
        }
      },
      "sourceRange": []
    }
  },
  {
    "labeledArgs": {
      "length": {
        "value": {
          "type": "Number",
          "value": 1.5,
          "ty": {
            "type": "Default",
            "len": {
              "type": "Inches"
            },
            "angle": {
              "type": "Degrees"
            }
          }
        },
        "sourceRange": []
      }
    },
    "name": "extrude",
    "sourceRange": [],
    "type": "StdLibCall",
    "unlabeledArg": {
      "value": {
        "type": "Sketch",
        "value": {
          "artifactId": "[uuid]"
        }
      },
      "sourceRange": []
    }
  }
]
