---
source: kcl-lib/src/simulation_tests.rs
description: Execution success engine-valve.kcl
---
null
