---
source: kcl/src/simulation_tests.rs
description: Result of parsing parametric_with_tan_arc.kcl
---
{
  "Ok": {
    "body": [
      {
        "declaration": {
          "end": 18,
          "id": {
            "end": 10,
            "name": "sigmaAllow",
            "start": 0,
            "type": "Identifier"
          },
          "init": {
            "end": 18,
            "raw": "15000",
            "start": 13,
            "type": "Literal",
            "type": "Literal",
            "value": {
              "value": 15000.0,
              "suffix": "None"
            }
          },
          "start": 0,
          "type": "VariableDeclarator"
        },
        "end": 18,
        "kind": "const",
        "start": 0,
        "type": "VariableDeclaration",
        "type": "VariableDeclaration"
      },
      {
        "declaration": {
          "end": 36,
          "id": {
            "end": 31,
            "name": "width",
            "start": 26,
            "type": "Identifier"
          },
          "init": {
            "end": 36,
            "raw": "11",
            "start": 34,
            "type": "Literal",
            "type": "Literal",
            "value": {
              "value": 11.0,
              "suffix": "None"
            }
          },
          "start": 26,
          "type": "VariableDeclarator"
        },
        "end": 36,
        "kind": "const",
        "start": 26,
        "type": "VariableDeclaration",
        "type": "VariableDeclaration"
      },
      {
        "declaration": {
          "end": 52,
          "id": {
            "end": 46,
            "name": "p",
            "start": 45,
            "type": "Identifier"
          },
          "init": {
            "end": 52,
            "raw": "150",
            "start": 49,
            "type": "Literal",
            "type": "Literal",
            "value": {
              "value": 150.0,
              "suffix": "None"
            }
          },
          "start": 45,
          "type": "VariableDeclarator"
        },
        "end": 52,
        "kind": "const",
        "start": 45,
        "type": "VariableDeclaration",
        "type": "VariableDeclaration"
      },
      {
        "declaration": {
          "end": 90,
          "id": {
            "end": 85,
            "name": "distance",
            "start": 77,
            "type": "Identifier"
          },
          "init": {
            "end": 90,
            "raw": "12",
            "start": 88,
            "type": "Literal",
            "type": "Literal",
            "value": {
              "value": 12.0,
              "suffix": "None"
            }
          },
          "start": 77,
          "type": "VariableDeclarator"
        },
        "end": 90,
        "kind": "const",
        "start": 77,
        "type": "VariableDeclaration",
        "type": "VariableDeclaration"
      },
      {
        "declaration": {
          "end": 108,
          "id": {
            "end": 104,
            "name": "FOS",
            "start": 101,
            "type": "Identifier"
          },
          "init": {
            "end": 108,
            "raw": "2",
            "start": 107,
            "type": "Literal",
            "type": "Literal",
            "value": {
              "value": 2.0,
              "suffix": "None"
            }
          },
          "start": 101,
          "type": "VariableDeclarator"
        },
        "end": 108,
        "kind": "const",
        "start": 101,
        "type": "VariableDeclaration",
        "type": "VariableDeclaration"
      },
      {
        "declaration": {
          "end": 172,
          "id": {
            "end": 118,
            "name": "thickness",
            "start": 109,
            "type": "Identifier"
          },
          "init": {
            "arguments": [
              {
                "end": 170,
                "left": {
                  "end": 148,
                  "left": {
                    "end": 144,
                    "left": {
                      "end": 138,
                      "left": {
                        "end": 134,
                        "name": "distance",
                        "start": 126,
                        "type": "Identifier",
                        "type": "Identifier"
                      },
                      "operator": "*",
                      "right": {
                        "end": 138,
                        "name": "p",
                        "start": 137,
                        "type": "Identifier",
                        "type": "Identifier"
                      },
                      "start": 126,
                      "type": "BinaryExpression",
                      "type": "BinaryExpression"
                    },
                    "operator": "*",
                    "right": {
                      "end": 144,
                      "name": "FOS",
                      "start": 141,
                      "type": "Identifier",
                      "type": "Identifier"
                    },
                    "start": 126,
                    "type": "BinaryExpression",
                    "type": "BinaryExpression"
                  },
                  "operator": "*",
                  "right": {
                    "end": 148,
                    "raw": "6",
                    "start": 147,
                    "type": "Literal",
                    "type": "Literal",
                    "value": {
                      "value": 6.0,
                      "suffix": "None"
                    }
                  },
                  "start": 126,
                  "type": "BinaryExpression",
                  "type": "BinaryExpression"
                },
                "operator": "/",
                "right": {
                  "end": 170,
                  "left": {
                    "end": 162,
                    "name": "sigmaAllow",
                    "start": 152,
                    "type": "Identifier",
                    "type": "Identifier"
                  },
                  "operator": "*",
                  "right": {
                    "end": 170,
                    "name": "width",
                    "start": 165,
                    "type": "Identifier",
                    "type": "Identifier"
                  },
                  "start": 152,
                  "type": "BinaryExpression",
                  "type": "BinaryExpression"
                },
                "start": 126,
                "type": "BinaryExpression",
                "type": "BinaryExpression"
              }
            ],
            "callee": {
              "end": 125,
              "name": "sqrt",
              "start": 121,
              "type": "Identifier"
            },
            "end": 172,
            "start": 121,
            "type": "CallExpression",
            "type": "CallExpression"
          },
          "start": 109,
          "type": "VariableDeclarator"
        },
        "end": 172,
        "kind": "const",
        "start": 109,
        "type": "VariableDeclaration",
        "type": "VariableDeclaration"
      },
      {
        "declaration": {
          "end": 196,
          "id": {
            "end": 180,
            "name": "filletR",
            "start": 173,
            "type": "Identifier"
          },
          "init": {
            "end": 196,
            "left": {
              "end": 192,
              "name": "thickness",
              "start": 183,
              "type": "Identifier",
              "type": "Identifier"
            },
            "operator": "*",
            "right": {
              "end": 196,
              "raw": "2",
              "start": 195,
              "type": "Literal",
              "type": "Literal",
              "value": {
                "value": 2.0,
                "suffix": "None"
              }
            },
            "start": 183,
            "type": "BinaryExpression",
            "type": "BinaryExpression"
          },
          "start": 173,
          "type": "VariableDeclarator"
        },
        "end": 196,
        "kind": "const",
        "start": 173,
        "type": "VariableDeclaration",
        "type": "VariableDeclaration"
      },
      {
        "declaration": {
          "end": 212,
          "id": {
            "end": 208,
            "name": "shelfMountL",
            "start": 197,
            "type": "Identifier"
          },
          "init": {
            "end": 212,
            "raw": "9",
            "start": 211,
            "type": "Literal",
            "type": "Literal",
            "value": {
              "value": 9.0,
              "suffix": "None"
            }
          },
          "start": 197,
          "type": "VariableDeclarator"
        },
        "end": 212,
        "kind": "const",
        "start": 197,
        "type": "VariableDeclaration",
        "type": "VariableDeclaration"
      },
      {
        "declaration": {
          "end": 227,
          "id": {
            "end": 223,
            "name": "wallMountL",
            "start": 213,
            "type": "Identifier"
          },
          "init": {
            "end": 227,
            "raw": "8",
            "start": 226,
            "type": "Literal",
            "type": "Literal",
            "value": {
              "value": 8.0,
              "suffix": "None"
            }
          },
          "start": 213,
          "type": "VariableDeclarator"
        },
        "end": 227,
        "kind": "const",
        "start": 213,
        "type": "VariableDeclaration",
        "type": "VariableDeclaration"
      },
      {
        "declaration": {
          "end": 597,
          "id": {
            "end": 236,
            "name": "bracket",
            "start": 229,
            "type": "Identifier"
          },
          "init": {
            "body": [
              {
                "arguments": [
                  {
                    "elements": [
                      {
                        "end": 255,
                        "raw": "0",
                        "start": 254,
                        "type": "Literal",
                        "type": "Literal",
                        "value": {
                          "value": 0.0,
                          "suffix": "None"
                        }
                      },
                      {
                        "end": 258,
                        "raw": "0",
                        "start": 257,
                        "type": "Literal",
                        "type": "Literal",
                        "value": {
                          "value": 0.0,
                          "suffix": "None"
                        }
                      }
                    ],
                    "end": 259,
                    "start": 253,
                    "type": "ArrayExpression",
                    "type": "ArrayExpression"
                  }
                ],
                "callee": {
                  "end": 252,
                  "name": "startSketchAt",
                  "start": 239,
                  "type": "Identifier"
                },
                "end": 260,
                "start": 239,
                "type": "CallExpression",
                "type": "CallExpression"
              },
              {
                "arguments": [
                  {
                    "elements": [
                      {
                        "end": 273,
                        "raw": "0",
                        "start": 272,
                        "type": "Literal",
                        "type": "Literal",
                        "value": {
                          "value": 0.0,
                          "suffix": "None"
                        }
                      },
                      {
                        "end": 285,
                        "name": "wallMountL",
                        "start": 275,
                        "type": "Identifier",
                        "type": "Identifier"
                      }
                    ],
                    "end": 286,
                    "start": 271,
                    "type": "ArrayExpression",
                    "type": "ArrayExpression"
                  },
                  {
                    "end": 289,
                    "start": 288,
                    "type": "PipeSubstitution",
                    "type": "PipeSubstitution"
                  }
                ],
                "callee": {
                  "end": 270,
                  "name": "line",
                  "start": 266,
                  "type": "Identifier"
                },
                "end": 290,
                "start": 266,
                "type": "CallExpression",
                "type": "CallExpression"
              },
              {
                "arguments": [
                  {
                    "end": 343,
                    "properties": [
                      {
                        "end": 328,
                        "key": {
                          "end": 318,
                          "name": "radius",
                          "start": 312,
                          "type": "Identifier"
                        },
                        "start": 312,
                        "type": "ObjectProperty",
                        "value": {
                          "end": 328,
                          "name": "filletR",
                          "start": 321,
                          "type": "Identifier",
                          "type": "Identifier"
                        }
                      },
                      {
                        "end": 341,
                        "key": {
                          "end": 336,
                          "name": "offset",
                          "start": 330,
                          "type": "Identifier"
                        },
                        "start": 330,
                        "type": "ObjectProperty",
                        "value": {
                          "end": 341,
                          "raw": "90",
                          "start": 339,
                          "type": "Literal",
                          "type": "Literal",
                          "value": {
                            "value": 90.0,
                            "suffix": "None"
                          }
                        }
                      }
                    ],
                    "start": 310,
                    "type": "ObjectExpression",
                    "type": "ObjectExpression"
                  },
                  {
                    "end": 346,
                    "start": 345,
                    "type": "PipeSubstitution",
                    "type": "PipeSubstitution"
                  }
                ],
                "callee": {
                  "end": 309,
                  "name": "tangentialArc",
                  "start": 296,
                  "type": "Identifier"
                },
                "end": 347,
                "start": 296,
                "type": "CallExpression",
                "type": "CallExpression"
              },
              {
                "arguments": [
                  {
                    "elements": [
                      {
                        "argument": {
                          "end": 371,
                          "name": "shelfMountL",
                          "start": 360,
                          "type": "Identifier",
                          "type": "Identifier"
                        },
                        "end": 371,
                        "operator": "-",
                        "start": 359,
                        "type": "UnaryExpression",
                        "type": "UnaryExpression"
                      },
                      {
                        "end": 374,
                        "raw": "0",
                        "start": 373,
                        "type": "Literal",
                        "type": "Literal",
                        "value": {
                          "value": 0.0,
                          "suffix": "None"
                        }
                      }
                    ],
                    "end": 375,
                    "start": 358,
                    "type": "ArrayExpression",
                    "type": "ArrayExpression"
                  },
                  {
                    "end": 378,
                    "start": 377,
                    "type": "PipeSubstitution",
                    "type": "PipeSubstitution"
                  }
                ],
                "callee": {
                  "end": 357,
                  "name": "line",
                  "start": 353,
                  "type": "Identifier"
                },
                "end": 379,
                "start": 353,
                "type": "CallExpression",
                "type": "CallExpression"
              },
              {
                "arguments": [
                  {
                    "elements": [
                      {
                        "end": 392,
                        "raw": "0",
                        "start": 391,
                        "type": "Literal",
                        "type": "Literal",
                        "value": {
                          "value": 0.0,
                          "suffix": "None"
                        }
                      },
                      {
                        "argument": {
                          "end": 404,
                          "name": "thickness",
                          "start": 395,
                          "type": "Identifier",
                          "type": "Identifier"
                        },
                        "end": 404,
                        "operator": "-",
                        "start": 394,
                        "type": "UnaryExpression",
                        "type": "UnaryExpression"
                      }
                    ],
                    "end": 405,
                    "start": 390,
                    "type": "ArrayExpression",
                    "type": "ArrayExpression"
                  },
                  {
                    "end": 408,
                    "start": 407,
                    "type": "PipeSubstitution",
                    "type": "PipeSubstitution"
                  }
                ],
                "callee": {
                  "end": 389,
                  "name": "line",
                  "start": 385,
                  "type": "Identifier"
                },
                "end": 409,
                "start": 385,
                "type": "CallExpression",
                "type": "CallExpression"
              },
              {
                "arguments": [
                  {
                    "elements": [
                      {
                        "end": 432,
                        "name": "shelfMountL",
                        "start": 421,
                        "type": "Identifier",
                        "type": "Identifier"
                      },
                      {
                        "end": 435,
                        "raw": "0",
                        "start": 434,
                        "type": "Literal",
                        "type": "Literal",
                        "value": {
                          "value": 0.0,
                          "suffix": "None"
                        }
                      }
                    ],
                    "end": 436,
                    "start": 420,
                    "type": "ArrayExpression",
                    "type": "ArrayExpression"
                  },
                  {
                    "end": 439,
                    "start": 438,
                    "type": "PipeSubstitution",
                    "type": "PipeSubstitution"
                  }
                ],
                "callee": {
                  "end": 419,
                  "name": "line",
                  "start": 415,
                  "type": "Identifier"
                },
                "end": 440,
                "start": 415,
                "type": "CallExpression",
                "type": "CallExpression"
              },
              {
                "arguments": [
                  {
                    "end": 525,
                    "properties": [
                      {
                        "end": 497,
                        "key": {
                          "end": 475,
                          "name": "radius",
                          "start": 469,
                          "type": "Identifier"
                        },
                        "start": 469,
                        "type": "ObjectProperty",
                        "value": {
                          "end": 497,
                          "left": {
                            "end": 485,
                            "name": "filletR",
                            "start": 478,
                            "type": "Identifier",
                            "type": "Identifier"
                          },
                          "operator": "-",
                          "right": {
                            "end": 497,
                            "name": "thickness",
                            "start": 488,
                            "type": "Identifier",
                            "type": "Identifier"
                          },
                          "start": 478,
                          "type": "BinaryExpression",
                          "type": "BinaryExpression"
                        }
                      },
                      {
                        "end": 518,
                        "key": {
                          "end": 512,
                          "name": "offset",
                          "start": 506,
                          "type": "Identifier"
                        },
                        "start": 506,
                        "type": "ObjectProperty",
                        "value": {
                          "argument": {
                            "end": 518,
                            "raw": "90",
                            "start": 516,
                            "type": "Literal",
                            "type": "Literal",
                            "value": {
                              "value": 90.0,
                              "suffix": "None"
                            }
                          },
                          "end": 518,
                          "operator": "-",
                          "start": 515,
                          "type": "UnaryExpression",
                          "type": "UnaryExpression"
                        }
                      }
                    ],
                    "start": 460,
                    "type": "ObjectExpression",
                    "type": "ObjectExpression"
                  },
                  {
                    "end": 528,
                    "start": 527,
                    "type": "PipeSubstitution",
                    "type": "PipeSubstitution"
                  }
                ],
                "callee": {
                  "end": 459,
                  "name": "tangentialArc",
                  "start": 446,
                  "type": "Identifier"
                },
                "end": 529,
                "start": 446,
                "type": "CallExpression",
                "type": "CallExpression"
              },
              {
                "arguments": [
                  {
                    "elements": [
                      {
                        "end": 542,
                        "raw": "0",
                        "start": 541,
                        "type": "Literal",
                        "type": "Literal",
                        "value": {
                          "value": 0.0,
                          "suffix": "None"
                        }
                      },
                      {
                        "argument": {
                          "end": 555,
                          "name": "wallMountL",
                          "start": 545,
                          "type": "Identifier",
                          "type": "Identifier"
                        },
                        "end": 555,
                        "operator": "-",
                        "start": 544,
                        "type": "UnaryExpression",
                        "type": "UnaryExpression"
                      }
                    ],
                    "end": 556,
                    "start": 540,
                    "type": "ArrayExpression",
                    "type": "ArrayExpression"
                  },
                  {
                    "end": 559,
                    "start": 558,
                    "type": "PipeSubstitution",
                    "type": "PipeSubstitution"
                  }
                ],
                "callee": {
                  "end": 539,
                  "name": "line",
                  "start": 535,
                  "type": "Identifier"
                },
                "end": 560,
                "start": 535,
                "type": "CallExpression",
                "type": "CallExpression"
              },
              {
                "arguments": [
                  {
                    "end": 573,
                    "start": 572,
                    "type": "PipeSubstitution",
                    "type": "PipeSubstitution"
                  }
                ],
                "callee": {
                  "end": 571,
                  "name": "close",
                  "start": 566,
                  "type": "Identifier"
                },
                "end": 574,
                "start": 566,
                "type": "CallExpression",
                "type": "CallExpression"
              },
              {
                "arguments": [
                  {
                    "end": 593,
                    "name": "width",
                    "start": 588,
                    "type": "Identifier",
                    "type": "Identifier"
                  },
                  {
                    "end": 596,
                    "start": 595,
                    "type": "PipeSubstitution",
                    "type": "PipeSubstitution"
                  }
                ],
                "callee": {
                  "end": 587,
                  "name": "extrude",
                  "start": 580,
                  "type": "Identifier"
                },
                "end": 597,
                "start": 580,
                "type": "CallExpression",
                "type": "CallExpression"
              }
            ],
            "end": 597,
            "start": 239,
            "type": "PipeExpression",
            "type": "PipeExpression"
          },
          "start": 229,
          "type": "VariableDeclarator"
        },
        "end": 597,
        "kind": "const",
        "start": 229,
        "type": "VariableDeclaration",
        "type": "VariableDeclaration"
      }
    ],
    "end": 598,
    "nonCodeMeta": {
      "nonCodeNodes": {
        "0": [
          {
            "end": 25,
            "start": 18,
            "type": "NonCodeNode",
            "value": {
              "type": "inlineComment",
              "value": "psi",
              "style": "line"
            }
          }
        ],
        "1": [
          {
            "end": 44,
            "start": 36,
            "type": "NonCodeNode",
            "value": {
              "type": "inlineComment",
              "value": "inch",
              "style": "line"
            }
          }
        ],
        "2": [
          {
            "end": 76,
            "start": 52,
            "type": "NonCodeNode",
            "value": {
              "type": "inlineComment",
              "value": "Force on shelf - lbs",
              "style": "line"
            }
          }
        ],
        "3": [
          {
            "end": 100,
            "start": 90,
            "type": "NonCodeNode",
            "value": {
              "type": "inlineComment",
              "value": "inches",
              "style": "line"
            }
          }
        ],
        "8": [
          {
            "end": 229,
            "start": 227,
            "type": "NonCodeNode",
            "value": {
              "type": "newLine"
            }
          }
        ]
      },
      "startNodes": []
    },
    "start": 0
  }
}
