---
source: kcl-lib/src/simulation_tests.rs
description: Operations executed holder-rod-angle.kcl
---
{
  "public/kcl-samples/holder-rod-angle/main.kcl": [
    {
      "type": "VariableDeclaration",
      "name": "depth",
      "value": {
        "type": "Number",
        "value": 1.0,
        "ty": {
          "type": "Default",
          "len": "cm",
          "angle": "degrees"
        }
      },
      "visibility": "default",
      "nodePath": {
        "steps": [
          {
            "type": "ProgramBodyItem",
            "index": 0
          },
          {
            "type": "VariableDeclarationDeclaration"
          },
          {
            "type": "VariableDeclarationInit"
          }
        ]
      },
      "sourceRange": []
    },
    {
      "type": "VariableDeclaration",
      "name": "length_1",
      "value": {
        "type": "Number",
        "value": 4.0,
        "ty": {
          "type": "Default",
          "len": "cm",
          "angle": "degrees"
        }
      },
      "visibility": "default",
      "nodePath": {
        "steps": [
          {
            "type": "ProgramBodyItem",
            "index": 1
          },
          {
            "type": "VariableDeclarationDeclaration"
          },
          {
            "type": "VariableDeclarationInit"
          }
        ]
      },
      "sourceRange": []
    },
    {
      "type": "VariableDeclaration",
      "name": "length",
      "value": {
        "type": "Number",
        "value": 3.0,
        "ty": {
          "type": "Default",
          "len": "cm",
          "angle": "degrees"
        }
      },
      "visibility": "default",
      "nodePath": {
        "steps": [
          {
            "type": "ProgramBodyItem",
            "index": 2
          },
          {
            "type": "VariableDeclarationDeclaration"
          },
          {
            "type": "VariableDeclarationInit"
          }
        ]
      },
      "sourceRange": []
    },
    {
      "type": "VariableDeclaration",
      "name": "circle_center",
      "value": {
        "type": "Number",
        "value": 2.0,
        "ty": {
          "type": "Default",
          "len": "cm",
          "angle": "degrees"
        }
      },
      "visibility": "default",
      "nodePath": {
        "steps": [
          {
            "type": "ProgramBodyItem",
            "index": 3
          },
          {
            "type": "VariableDeclarationDeclaration"
          },
          {
            "type": "VariableDeclarationInit"
          }
        ]
      },
      "sourceRange": []
    },
    {
      "type": "VariableDeclaration",
      "name": "hole_radius",
      "value": {
        "type": "Number",
        "value": 1.125,
        "ty": {
          "type": "Default",
          "len": "cm",
          "angle": "degrees"
        }
      },
      "visibility": "default",
      "nodePath": {
        "steps": [
          {
            "type": "ProgramBodyItem",
            "index": 4
          },
          {
            "type": "VariableDeclarationDeclaration"
          },
          {
            "type": "VariableDeclarationInit"
          }
        ]
      },
      "sourceRange": []
    },
    {
      "type": "VariableDeclaration",
      "name": "holde_depth",
      "value": {
        "type": "Number",
        "value": 0.9,
        "ty": {
          "type": "Default",
          "len": "cm",
          "angle": "degrees"
        }
      },
      "visibility": "default",
      "nodePath": {
        "steps": [
          {
            "type": "ProgramBodyItem",
            "index": 5
          },
          {
            "type": "VariableDeclarationDeclaration"
          },
          {
            "type": "VariableDeclarationInit"
          }
        ]
      },
      "sourceRange": []
    },
    {
      "type": "VariableDeclaration",
      "name": "radius001",
      "value": {
        "type": "Number",
        "value": 0.25,
        "ty": {
          "type": "Default",
          "len": "cm",
          "angle": "degrees"
        }
      },
      "visibility": "default",
      "nodePath": {
        "steps": [
          {
            "type": "ProgramBodyItem",
            "index": 6
          },
          {
            "type": "VariableDeclarationDeclaration"
          },
          {
            "type": "VariableDeclarationInit"
          }
        ]
      },
      "sourceRange": []
    },
    {
      "type": "VariableDeclaration",
      "name": "angle",
      "value": {
        "type": "Number",
        "value": 0.8090904118678729,
        "ty": {
          "radians": null,
          "type": "Known",
          "type": "Angle"
        }
      },
      "visibility": "default",
      "nodePath": {
        "steps": [
          {
            "type": "ProgramBodyItem",
            "index": 7
          },
          {
            "type": "VariableDeclarationDeclaration"
          },
          {
            "type": "VariableDeclarationInit"
          }
        ]
      },
      "sourceRange": []
    },
    {
      "type": "StdLibCall",
      "name": "startSketchOn",
      "unlabeledArg": {
        "value": {
          "type": "Plane",
          "artifact_id": "[uuid]"
        },
        "sourceRange": []
      },
      "labeledArgs": {},
      "nodePath": {
        "steps": [
          {
            "type": "ProgramBodyItem",
            "index": 8
          },
          {
            "type": "VariableDeclarationDeclaration"
          },
          {
            "type": "VariableDeclarationInit"
          },
          {
            "type": "PipeBodyItem",
            "index": 0
          }
        ]
      },
      "sourceRange": []
    },
    {
      "type": "StdLibCall",
      "name": "extrude",
      "unlabeledArg": {
        "value": {
          "type": "Sketch",
          "value": {
            "artifactId": "[uuid]"
          }
        },
        "sourceRange": []
      },
      "labeledArgs": {
        "length": {
          "value": {
            "type": "Number",
            "value": 4.0,
            "ty": {
              "type": "Default",
              "len": "cm",
              "angle": "degrees"
            }
          },
          "sourceRange": []
        },
        "tagEnd": {
          "value": {
            "type": "TagDeclarator",
            "name": "capEnd001"
          },
          "sourceRange": []
        },
        "tagStart": {
          "value": {
            "type": "TagDeclarator",
            "name": "capStart001"
          },
          "sourceRange": []
        }
      },
      "nodePath": {
        "steps": [
          {
            "type": "ProgramBodyItem",
            "index": 9
          },
          {
            "type": "VariableDeclarationDeclaration"
          },
          {
            "type": "VariableDeclarationInit"
          },
          {
            "type": "PipeBodyItem",
            "index": 0
          }
        ]
      },
      "sourceRange": []
    },
    {
      "type": "StdLibCall",
      "name": "fillet",
      "unlabeledArg": {
        "value": {
          "type": "Solid",
          "value": {
            "artifactId": "[uuid]"
          }
        },
        "sourceRange": []
      },
      "labeledArgs": {
        "radius": {
          "value": {
            "type": "Number",
            "value": 0.25,
            "ty": {
              "type": "Default",
              "len": "cm",
              "angle": "degrees"
            }
          },
          "sourceRange": []
        },
        "tags": {
          "value": {
            "type": "Array",
            "value": [
              {
                "type": "Uuid",
                "value": "[uuid]"
              },
              {
                "type": "Uuid",
                "value": "[uuid]"
              },
              {
                "type": "Uuid",
                "value": "[uuid]"
              },
              {
                "type": "Uuid",
                "value": "[uuid]"
              },
              {
                "type": "Uuid",
                "value": "[uuid]"
              }
            ]
          },
          "sourceRange": []
        }
      },
      "nodePath": {
        "steps": [
          {
            "type": "ProgramBodyItem",
            "index": 9
          },
          {
            "type": "VariableDeclarationDeclaration"
          },
          {
            "type": "VariableDeclarationInit"
          },
          {
            "type": "PipeBodyItem",
            "index": 1
          }
        ]
      },
      "sourceRange": []
    },
    {
      "type": "StdLibCall",
      "name": "startSketchOn",
      "unlabeledArg": {
        "value": {
          "type": "Plane",
          "artifact_id": "[uuid]"
        },
        "sourceRange": []
      },
      "labeledArgs": {
        "face": {
          "value": {
            "type": "TagIdentifier",
            "value": "seg01",
            "artifact_id": "[uuid]"
          },
          "sourceRange": []
        }
      },
      "nodePath": {
        "steps": [
          {
            "type": "ProgramBodyItem",
            "index": 10
          },
          {
            "type": "VariableDeclarationDeclaration"
          },
          {
            "type": "VariableDeclarationInit"
          }
        ]
      },
      "sourceRange": []
    },
    {
      "type": "StdLibCall",
      "name": "extrude",
      "unlabeledArg": {
        "value": {
          "type": "Sketch",
          "value": {
            "artifactId": "[uuid]"
          }
        },
        "sourceRange": []
      },
      "labeledArgs": {
        "length": {
          "value": {
            "type": "Number",
            "value": -0.9,
            "ty": {
              "type": "Default",
              "len": "cm",
              "angle": "degrees"
            }
          },
          "sourceRange": []
        }
      },
      "nodePath": {
        "steps": [
          {
            "type": "ProgramBodyItem",
            "index": 12
          },
          {
            "type": "VariableDeclarationDeclaration"
          },
          {
            "type": "VariableDeclarationInit"
          }
        ]
      },
      "sourceRange": []
    },
    {
      "type": "StdLibCall",
      "name": "subtract",
      "unlabeledArg": {
        "value": {
          "type": "Array",
          "value": [
            {
              "type": "Solid",
              "value": {
                "artifactId": "[uuid]"
              }
            }
          ]
        },
        "sourceRange": []
      },
      "labeledArgs": {
        "tools": {
          "value": {
            "type": "Array",
            "value": [
              {
                "type": "Solid",
                "value": {
                  "artifactId": "[uuid]"
                }
              }
            ]
          },
          "sourceRange": []
        }
      },
      "nodePath": {
        "steps": [
          {
            "type": "ProgramBodyItem",
            "index": 13
          },
          {
            "type": "VariableDeclarationDeclaration"
          },
          {
            "type": "VariableDeclarationInit"
          }
        ]
      },
      "sourceRange": []
    },
    {
      "type": "VariableDeclaration",
      "name": "long_length",
      "value": {
        "type": "Number",
        "value": 5.795783113145089,
        "ty": {
          "type": "Default",
          "len": "cm",
          "angle": "degrees"
        }
      },
      "visibility": "default",
      "nodePath": {
        "steps": [
          {
            "type": "ProgramBodyItem",
            "index": 14
          },
          {
            "type": "VariableDeclarationDeclaration"
          },
          {
            "type": "VariableDeclarationInit"
          }
        ]
      },
      "sourceRange": []
    },
    {
      "type": "VariableDeclaration",
      "name": "a",
      "value": {
        "type": "Number",
        "value": 2.760627802602085,
        "ty": {
          "type": "Default",
          "len": "cm",
          "angle": "degrees"
        }
      },
      "visibility": "default",
      "nodePath": {
        "steps": [
          {
            "type": "ProgramBodyItem",
            "index": 15
          },
          {
            "type": "VariableDeclarationDeclaration"
          },
          {
            "type": "VariableDeclarationInit"
          }
        ]
      },
      "sourceRange": []
    },
    {
      "type": "VariableDeclaration",
      "name": "padding",
      "value": {
        "type": "Number",
        "value": 0.8,
        "ty": {
          "type": "Default",
          "len": "cm",
          "angle": "degrees"
        }
      },
      "visibility": "default",
      "nodePath": {
        "steps": [
          {
            "type": "ProgramBodyItem",
            "index": 16
          },
          {
            "type": "VariableDeclarationDeclaration"
          },
          {
            "type": "VariableDeclarationInit"
          }
        ]
      },
      "sourceRange": []
    },
    {
      "type": "StdLibCall",
      "name": "startSketchOn",
      "unlabeledArg": {
        "value": {
          "type": "Solid",
          "value": {
            "artifactId": "[uuid]"
          }
        },
        "sourceRange": []
      },
      "labeledArgs": {
        "face": {
          "value": {
            "type": "TagIdentifier",
            "value": "seg02",
            "artifact_id": "[uuid]"
          },
          "sourceRange": []
        }
      },
      "nodePath": {
        "steps": [
          {
            "type": "ProgramBodyItem",
            "index": 17
          },
          {
            "type": "VariableDeclarationDeclaration"
          },
          {
            "type": "VariableDeclarationInit"
          }
        ]
      },
      "sourceRange": []
    },
    {
      "type": "VariableDeclaration",
      "name": "hole_inset",
      "value": {
        "type": "Number",
        "value": 0.55,
        "ty": {
          "type": "Default",
          "len": "cm",
          "angle": "degrees"
        }
      },
      "visibility": "default",
      "nodePath": {
        "steps": [
          {
            "type": "ProgramBodyItem",
            "index": 19
          },
          {
            "type": "VariableDeclarationDeclaration"
          },
          {
            "type": "VariableDeclarationInit"
          }
        ]
      },
      "sourceRange": []
    },
    {
      "type": "VariableDeclaration",
      "name": "hole_x",
      "value": {
        "type": "Number",
        "value": 3.5606278026020854,
        "ty": {
          "type": "Default",
          "len": "cm",
          "angle": "degrees"
        }
      },
      "visibility": "default",
      "nodePath": {
        "steps": [
          {
            "type": "ProgramBodyItem",
            "index": 20
          },
          {
            "type": "VariableDeclarationDeclaration"
          },
          {
            "type": "VariableDeclarationInit"
          }
        ]
      },
      "sourceRange": []
    },
    {
      "type": "VariableDeclaration",
      "name": "screw_hole",
      "value": {
        "type": "Number",
        "value": 0.225,
        "ty": {
          "type": "Default",
          "len": "cm",
          "angle": "degrees"
        }
      },
      "visibility": "default",
      "nodePath": {
        "steps": [
          {
            "type": "ProgramBodyItem",
            "index": 21
          },
          {
            "type": "VariableDeclarationDeclaration"
          },
          {
            "type": "VariableDeclarationInit"
          }
        ]
      },
      "sourceRange": []
    },
    {
      "type": "VariableDeclaration",
      "name": "outerEdge",
      "value": {
        "type": "Number",
        "value": 0.5,
        "ty": {
          "type": "Default",
          "len": "cm",
          "angle": "degrees"
        }
      },
      "visibility": "default",
      "nodePath": {
        "steps": [
          {
            "type": "ProgramBodyItem",
            "index": 22
          },
          {
            "type": "VariableDeclarationDeclaration"
          },
          {
            "type": "VariableDeclarationInit"
          }
        ]
      },
      "sourceRange": []
    },
    {
      "type": "VariableDeclaration",
      "name": "plate_thickness",
      "value": {
        "type": "Number",
        "value": 0.25,
        "ty": {
          "type": "Default",
          "len": "cm",
          "angle": "degrees"
        }
      },
      "visibility": "default",
      "nodePath": {
        "steps": [
          {
            "type": "ProgramBodyItem",
            "index": 23
          },
          {
            "type": "VariableDeclarationDeclaration"
          },
          {
            "type": "VariableDeclarationInit"
          }
        ]
      },
      "sourceRange": []
    },
    {
      "type": "VariableDeclaration",
      "name": "screw_champfer",
      "value": {
        "type": "Number",
        "value": 0.205,
        "ty": {
          "type": "Default",
          "len": "cm",
          "angle": "degrees"
        }
      },
      "visibility": "default",
      "nodePath": {
        "steps": [
          {
            "type": "ProgramBodyItem",
            "index": 24
          },
          {
            "type": "VariableDeclarationDeclaration"
          },
          {
            "type": "VariableDeclarationInit"
          }
        ]
      },
      "sourceRange": []
    },
    {
      "type": "StdLibCall",
      "name": "extrude",
      "unlabeledArg": {
        "value": {
          "type": "Sketch",
          "value": {
            "artifactId": "[uuid]"
          }
        },
        "sourceRange": []
      },
      "labeledArgs": {
        "length": {
          "value": {
            "type": "Number",
            "value": 0.25,
            "ty": {
              "type": "Default",
              "len": "cm",
              "angle": "degrees"
            }
          },
          "sourceRange": []
        },
        "tagEnd": {
          "value": {
            "type": "TagDeclarator",
            "name": "capEnd002"
          },
          "sourceRange": []
        },
        "tagStart": {
          "value": {
            "type": "TagDeclarator",
            "name": "capStart002"
          },
          "sourceRange": []
        }
      },
      "nodePath": {
        "steps": [
          {
            "type": "ProgramBodyItem",
            "index": 25
          },
          {
            "type": "VariableDeclarationDeclaration"
          },
          {
            "type": "VariableDeclarationInit"
          },
          {
            "type": "PipeBodyItem",
            "index": 0
          }
        ]
      },
      "sourceRange": []
    },
    {
      "type": "StdLibCall",
      "name": "fillet",
      "unlabeledArg": {
        "value": {
          "type": "Solid",
          "value": {
            "artifactId": "[uuid]"
          }
        },
        "sourceRange": []
      },
      "labeledArgs": {
        "radius": {
          "value": {
            "type": "Number",
            "value": 0.5,
            "ty": {
              "type": "Default",
              "len": "cm",
              "angle": "degrees"
            }
          },
          "sourceRange": []
        },
        "tags": {
          "value": {
            "type": "Array",
            "value": [
              {
                "type": "Uuid",
                "value": "[uuid]"
              }
            ]
          },
          "sourceRange": []
        }
      },
      "nodePath": {
        "steps": [
          {
            "type": "ProgramBodyItem",
            "index": 25
          },
          {
            "type": "VariableDeclarationDeclaration"
          },
          {
            "type": "VariableDeclarationInit"
          },
          {
            "type": "PipeBodyItem",
            "index": 1
          }
        ]
      },
      "sourceRange": []
    },
    {
      "type": "StdLibCall",
      "name": "fillet",
      "unlabeledArg": {
        "value": {
          "type": "Solid",
          "value": {
            "artifactId": "[uuid]"
          }
        },
        "sourceRange": []
      },
      "labeledArgs": {
        "radius": {
          "value": {
            "type": "Number",
            "value": 0.5,
            "ty": {
              "type": "Default",
              "len": "cm",
              "angle": "degrees"
            }
          },
          "sourceRange": []
        },
        "tags": {
          "value": {
            "type": "Array",
            "value": [
              {
                "type": "Uuid",
                "value": "[uuid]"
              }
            ]
          },
          "sourceRange": []
        }
      },
      "nodePath": {
        "steps": [
          {
            "type": "ProgramBodyItem",
            "index": 25
          },
          {
            "type": "VariableDeclarationDeclaration"
          },
          {
            "type": "VariableDeclarationInit"
          },
          {
            "type": "PipeBodyItem",
            "index": 2
          }
        ]
      },
      "sourceRange": []
    },
    {
      "type": "StdLibCall",
      "name": "fillet",
      "unlabeledArg": {
        "value": {
          "type": "Solid",
          "value": {
            "artifactId": "[uuid]"
          }
        },
        "sourceRange": []
      },
      "labeledArgs": {
        "radius": {
          "value": {
            "type": "Number",
            "value": 0.5,
            "ty": {
              "type": "Default",
              "len": "cm",
              "angle": "degrees"
            }
          },
          "sourceRange": []
        },
        "tags": {
          "value": {
            "type": "Array",
            "value": [
              {
                "type": "Uuid",
                "value": "[uuid]"
              }
            ]
          },
          "sourceRange": []
        }
      },
      "nodePath": {
        "steps": [
          {
            "type": "ProgramBodyItem",
            "index": 25
          },
          {
            "type": "VariableDeclarationDeclaration"
          },
          {
            "type": "VariableDeclarationInit"
          },
          {
            "type": "PipeBodyItem",
            "index": 3
          }
        ]
      },
      "sourceRange": []
    },
    {
      "type": "StdLibCall",
      "name": "fillet",
      "unlabeledArg": {
        "value": {
          "type": "Solid",
          "value": {
            "artifactId": "[uuid]"
          }
        },
        "sourceRange": []
      },
      "labeledArgs": {
        "radius": {
          "value": {
            "type": "Number",
            "value": 0.5,
            "ty": {
              "type": "Default",
              "len": "cm",
              "angle": "degrees"
            }
          },
          "sourceRange": []
        },
        "tags": {
          "value": {
            "type": "Array",
            "value": [
              {
                "type": "Uuid",
                "value": "[uuid]"
              }
            ]
          },
          "sourceRange": []
        }
      },
      "nodePath": {
        "steps": [
          {
            "type": "ProgramBodyItem",
            "index": 25
          },
          {
            "type": "VariableDeclarationDeclaration"
          },
          {
            "type": "VariableDeclarationInit"
          },
          {
            "type": "PipeBodyItem",
            "index": 4
          }
        ]
      },
      "sourceRange": []
    },
    {
      "type": "StdLibCall",
      "name": "startSketchOn",
      "unlabeledArg": {
        "value": {
          "type": "Solid",
          "value": {
            "artifactId": "[uuid]"
          }
        },
        "sourceRange": []
      },
      "labeledArgs": {
        "face": {
          "value": {
            "type": "String",
            "value": "start"
          },
          "sourceRange": []
        }
      },
      "nodePath": {
        "steps": [
          {
            "type": "ProgramBodyItem",
            "index": 26
          },
          {
            "type": "VariableDeclarationDeclaration"
          },
          {
            "type": "VariableDeclarationInit"
          },
          {
            "type": "PipeBodyItem",
            "index": 0
          }
        ]
      },
      "sourceRange": []
    },
    {
      "type": "StdLibCall",
      "name": "startSketchOn",
      "unlabeledArg": {
        "value": {
          "type": "Solid",
          "value": {
            "artifactId": "[uuid]"
          }
        },
        "sourceRange": []
      },
      "labeledArgs": {
        "face": {
          "value": {
            "type": "String",
            "value": "start"
          },
          "sourceRange": []
        }
      },
      "nodePath": {
        "steps": [
          {
            "type": "ProgramBodyItem",
            "index": 27
          },
          {
            "type": "VariableDeclarationDeclaration"
          },
          {
            "type": "VariableDeclarationInit"
          },
          {
            "type": "PipeBodyItem",
            "index": 0
          }
        ]
      },
      "sourceRange": []
    },
    {
      "type": "StdLibCall",
      "name": "startSketchOn",
      "unlabeledArg": {
        "value": {
          "type": "Solid",
          "value": {
            "artifactId": "[uuid]"
          }
        },
        "sourceRange": []
      },
      "labeledArgs": {
        "face": {
          "value": {
            "type": "String",
            "value": "start"
          },
          "sourceRange": []
        }
      },
      "nodePath": {
        "steps": [
          {
            "type": "ProgramBodyItem",
            "index": 28
          },
          {
            "type": "VariableDeclarationDeclaration"
          },
          {
            "type": "VariableDeclarationInit"
          },
          {
            "type": "PipeBodyItem",
            "index": 0
          }
        ]
      },
      "sourceRange": []
    },
    {
      "type": "StdLibCall",
      "name": "startSketchOn",
      "unlabeledArg": {
        "value": {
          "type": "Solid",
          "value": {
            "artifactId": "[uuid]"
          }
        },
        "sourceRange": []
      },
      "labeledArgs": {
        "face": {
          "value": {
            "type": "String",
            "value": "start"
          },
          "sourceRange": []
        }
      },
      "nodePath": {
        "steps": [
          {
            "type": "ProgramBodyItem",
            "index": 29
          },
          {
            "type": "VariableDeclarationDeclaration"
          },
          {
            "type": "VariableDeclarationInit"
          },
          {
            "type": "PipeBodyItem",
            "index": 0
          }
        ]
      },
      "sourceRange": []
    },
    {
      "type": "StdLibCall",
      "name": "extrude",
      "unlabeledArg": {
        "value": {
          "type": "Sketch",
          "value": {
            "artifactId": "[uuid]"
          }
        },
        "sourceRange": []
      },
      "labeledArgs": {
        "length": {
          "value": {
            "type": "Number",
            "value": -0.25,
            "ty": {
              "type": "Default",
              "len": "cm",
              "angle": "degrees"
            }
          },
          "sourceRange": []
        }
      },
      "nodePath": {
        "steps": [
          {
            "type": "ProgramBodyItem",
            "index": 30
          },
          {
            "type": "VariableDeclarationDeclaration"
          },
          {
            "type": "VariableDeclarationInit"
          },
          {
            "type": "PipeBodyItem",
            "index": 0
          }
        ]
      },
      "sourceRange": []
    },
    {
      "type": "StdLibCall",
      "name": "chamfer",
      "unlabeledArg": {
        "value": {
          "type": "Solid",
          "value": {
            "artifactId": "[uuid]"
          }
        },
        "sourceRange": []
      },
      "labeledArgs": {
        "length": {
          "value": {
            "type": "Number",
            "value": 0.205,
            "ty": {
              "type": "Default",
              "len": "cm",
              "angle": "degrees"
            }
          },
          "sourceRange": []
        },
        "tags": {
          "value": {
            "type": "Array",
            "value": [
              {
                "type": "Uuid",
                "value": "[uuid]"
              }
            ]
          },
          "sourceRange": []
        }
      },
      "nodePath": {
        "steps": [
          {
            "type": "ProgramBodyItem",
            "index": 30
          },
          {
            "type": "VariableDeclarationDeclaration"
          },
          {
            "type": "VariableDeclarationInit"
          },
          {
            "type": "PipeBodyItem",
            "index": 1
          }
        ]
      },
      "sourceRange": []
    },
    {
      "type": "StdLibCall",
      "name": "extrude",
      "unlabeledArg": {
        "value": {
          "type": "Sketch",
          "value": {
            "artifactId": "[uuid]"
          }
        },
        "sourceRange": []
      },
      "labeledArgs": {
        "length": {
          "value": {
            "type": "Number",
            "value": -0.25,
            "ty": {
              "type": "Default",
              "len": "cm",
              "angle": "degrees"
            }
          },
          "sourceRange": []
        }
      },
      "nodePath": {
        "steps": [
          {
            "type": "ProgramBodyItem",
            "index": 31
          },
          {
            "type": "VariableDeclarationDeclaration"
          },
          {
            "type": "VariableDeclarationInit"
          },
          {
            "type": "PipeBodyItem",
            "index": 0
          }
        ]
      },
      "sourceRange": []
    },
    {
      "type": "StdLibCall",
      "name": "chamfer",
      "unlabeledArg": {
        "value": {
          "type": "Solid",
          "value": {
            "artifactId": "[uuid]"
          }
        },
        "sourceRange": []
      },
      "labeledArgs": {
        "length": {
          "value": {
            "type": "Number",
            "value": 0.205,
            "ty": {
              "type": "Default",
              "len": "cm",
              "angle": "degrees"
            }
          },
          "sourceRange": []
        },
        "tags": {
          "value": {
            "type": "Array",
            "value": [
              {
                "type": "Uuid",
                "value": "[uuid]"
              }
            ]
          },
          "sourceRange": []
        }
      },
      "nodePath": {
        "steps": [
          {
            "type": "ProgramBodyItem",
            "index": 31
          },
          {
            "type": "VariableDeclarationDeclaration"
          },
          {
            "type": "VariableDeclarationInit"
          },
          {
            "type": "PipeBodyItem",
            "index": 1
          }
        ]
      },
      "sourceRange": []
    },
    {
      "type": "StdLibCall",
      "name": "extrude",
      "unlabeledArg": {
        "value": {
          "type": "Sketch",
          "value": {
            "artifactId": "[uuid]"
          }
        },
        "sourceRange": []
      },
      "labeledArgs": {
        "length": {
          "value": {
            "type": "Number",
            "value": -0.25,
            "ty": {
              "type": "Default",
              "len": "cm",
              "angle": "degrees"
            }
          },
          "sourceRange": []
        }
      },
      "nodePath": {
        "steps": [
          {
            "type": "ProgramBodyItem",
            "index": 32
          },
          {
            "type": "VariableDeclarationDeclaration"
          },
          {
            "type": "VariableDeclarationInit"
          },
          {
            "type": "PipeBodyItem",
            "index": 0
          }
        ]
      },
      "sourceRange": []
    },
    {
      "type": "StdLibCall",
      "name": "chamfer",
      "unlabeledArg": {
        "value": {
          "type": "Solid",
          "value": {
            "artifactId": "[uuid]"
          }
        },
        "sourceRange": []
      },
      "labeledArgs": {
        "length": {
          "value": {
            "type": "Number",
            "value": 0.205,
            "ty": {
              "type": "Default",
              "len": "cm",
              "angle": "degrees"
            }
          },
          "sourceRange": []
        },
        "tags": {
          "value": {
            "type": "Array",
            "value": [
              {
                "type": "Uuid",
                "value": "[uuid]"
              }
            ]
          },
          "sourceRange": []
        }
      },
      "nodePath": {
        "steps": [
          {
            "type": "ProgramBodyItem",
            "index": 32
          },
          {
            "type": "VariableDeclarationDeclaration"
          },
          {
            "type": "VariableDeclarationInit"
          },
          {
            "type": "PipeBodyItem",
            "index": 1
          }
        ]
      },
      "sourceRange": []
    },
    {
      "type": "StdLibCall",
      "name": "extrude",
      "unlabeledArg": {
        "value": {
          "type": "Sketch",
          "value": {
            "artifactId": "[uuid]"
          }
        },
        "sourceRange": []
      },
      "labeledArgs": {
        "length": {
          "value": {
            "type": "Number",
            "value": -0.25,
            "ty": {
              "type": "Default",
              "len": "cm",
              "angle": "degrees"
            }
          },
          "sourceRange": []
        }
      },
      "nodePath": {
        "steps": [
          {
            "type": "ProgramBodyItem",
            "index": 33
          },
          {
            "type": "VariableDeclarationDeclaration"
          },
          {
            "type": "VariableDeclarationInit"
          },
          {
            "type": "PipeBodyItem",
            "index": 0
          }
        ]
      },
      "sourceRange": []
    },
    {
      "type": "StdLibCall",
      "name": "chamfer",
      "unlabeledArg": {
        "value": {
          "type": "Solid",
          "value": {
            "artifactId": "[uuid]"
          }
        },
        "sourceRange": []
      },
      "labeledArgs": {
        "length": {
          "value": {
            "type": "Number",
            "value": 0.205,
            "ty": {
              "type": "Default",
              "len": "cm",
              "angle": "degrees"
            }
          },
          "sourceRange": []
        },
        "tags": {
          "value": {
            "type": "Array",
            "value": [
              {
                "type": "Uuid",
                "value": "[uuid]"
              }
            ]
          },
          "sourceRange": []
        }
      },
      "nodePath": {
        "steps": [
          {
            "type": "ProgramBodyItem",
            "index": 33
          },
          {
            "type": "VariableDeclarationDeclaration"
          },
          {
            "type": "VariableDeclarationInit"
          },
          {
            "type": "PipeBodyItem",
            "index": 1
          }
        ]
      },
      "sourceRange": []
    }
  ],
  "std::appearance": [],
  "std::array": [],
  "std::gdt": [],
  "std::math": [
    {
      "type": "VariableDeclaration",
      "name": "PI",
      "value": {
        "type": "Number",
        "value": 3.141592653589793,
        "ty": {
          "type": "Unknown"
        }
      },
      "visibility": "export",
      "nodePath": {
        "steps": []
      },
      "sourceRange": []
    },
    {
      "type": "VariableDeclaration",
      "name": "E",
      "value": {
        "type": "Number",
        "value": 2.718281828459045,
        "ty": {
          "type": "Known",
          "type": "Count"
        }
      },
      "visibility": "export",
      "nodePath": {
        "steps": []
      },
      "sourceRange": []
    },
    {
      "type": "VariableDeclaration",
      "name": "TAU",
      "value": {
        "type": "Number",
        "value": 6.283185307179586,
        "ty": {
          "type": "Known",
          "type": "Count"
        }
      },
      "visibility": "export",
      "nodePath": {
        "steps": []
      },
      "sourceRange": []
    }
  ],
  "std::prelude": [
    {
      "type": "VariableDeclaration",
      "name": "START",
      "value": {
        "type": "String",
        "value": "start"
      },
      "visibility": "export",
      "nodePath": {
        "steps": []
      },
      "sourceRange": []
    },
    {
      "type": "VariableDeclaration",
      "name": "END",
      "value": {
        "type": "String",
        "value": "end"
      },
      "visibility": "export",
      "nodePath": {
        "steps": []
      },
      "sourceRange": []
    },
    {
      "type": "VariableDeclaration",
      "name": "NEW",
      "value": {
        "type": "String",
        "value": "new"
      },
      "visibility": "export",
      "nodePath": {
        "steps": []
      },
      "sourceRange": []
    },
    {
      "type": "VariableDeclaration",
      "name": "MERGE",
      "value": {
        "type": "String",
        "value": "merge"
      },
      "visibility": "export",
      "nodePath": {
        "steps": []
      },
      "sourceRange": []
    }
  ],
  "std::sketch": [],
  "std::sketch2": [],
  "std::solid": [],
  "std::sweep": [],
  "std::transform": [],
  "std::turns": [],
  "std::types": [],
  "std::units": [],
  "std::vector": []
}
