---
source: kcl-lib/src/simulation_tests.rs
description: Operations executed sphere.kcl
---
{
  "public/kcl-samples/sphere/main.kcl": [
    {
      "type": "VariableDeclaration",
      "name": "diameter",
      "value": {
        "type": "Number",
        "value": 10.0,
        "ty": {
          "type": "Default",
          "len": "mm",
          "angle": "degrees"
        }
      },
      "visibility": "default",
      "nodePath": {
        "steps": [
          {
            "type": "ProgramBodyItem",
            "index": 0
          },
          {
            "type": "VariableDeclarationDeclaration"
          },
          {
            "type": "VariableDeclarationInit"
          }
        ]
      },
      "sourceRange": []
    },
    {
      "type": "StdLibCall",
      "name": "startSketchOn",
      "unlabeledArg": {
        "value": {
          "type": "Plane",
          "artifact_id": "[uuid]"
        },
        "sourceRange": []
      },
      "labeledArgs": {},
      "nodePath": {
        "steps": [
          {
            "type": "ProgramBodyItem",
            "index": 1
          },
          {
            "type": "VariableDeclarationDeclaration"
          },
          {
            "type": "VariableDeclarationInit"
          }
        ]
      },
      "sourceRange": []
    },
    {
      "type": "StdLibCall",
      "name": "revolve",
      "unlabeledArg": {
        "value": {
          "type": "Sketch",
          "value": {
            "artifactId": "[uuid]"
          }
        },
        "sourceRange": []
      },
      "labeledArgs": {
        "angle": {
          "value": {
            "type": "Number",
            "value": 360.0,
            "ty": {
              "type": "Default",
              "len": "mm",
              "angle": "degrees"
            }
          },
          "sourceRange": []
        },
        "axis": {
          "value": {
            "type": "Object",
            "value": {
              "direction": {
                "type": "Array",
                "value": [
                  {
                    "type": "Number",
                    "value": 1.0,
                    "ty": {
                      "type": "Default",
                      "len": "mm",
                      "angle": "degrees"
                    }
                  },
                  {
                    "type": "Number",
                    "value": 0.0,
                    "ty": {
                      "type": "Default",
                      "len": "mm",
                      "angle": "degrees"
                    }
                  }
                ]
              },
              "origin": {
                "type": "Array",
                "value": [
                  {
                    "type": "Number",
                    "value": 0.0,
                    "ty": {
                      "type": "Default",
                      "len": "mm",
                      "angle": "degrees"
                    }
                  },
                  {
                    "type": "Number",
                    "value": 0.0,
                    "ty": {
                      "type": "Default",
                      "len": "mm",
                      "angle": "degrees"
                    }
                  }
                ]
              }
            }
          },
          "sourceRange": []
        }
      },
      "nodePath": {
        "steps": [
          {
            "type": "ProgramBodyItem",
            "index": 3
          },
          {
            "type": "VariableDeclarationDeclaration"
          },
          {
            "type": "VariableDeclarationInit"
          }
        ]
      },
      "sourceRange": []
    }
  ],
  "std::math": [
    {
      "type": "VariableDeclaration",
      "name": "PI",
      "value": {
        "type": "Number",
        "value": 3.141592653589793,
        "ty": {
          "type": "Unknown"
        }
      },
      "visibility": "export",
      "nodePath": {
        "steps": []
      },
      "sourceRange": []
    },
    {
      "type": "VariableDeclaration",
      "name": "E",
      "value": {
        "type": "Number",
        "value": 2.718281828459045,
        "ty": {
          "type": "Known",
          "type": "Count"
        }
      },
      "visibility": "export",
      "nodePath": {
        "steps": []
      },
      "sourceRange": []
    },
    {
      "type": "VariableDeclaration",
      "name": "TAU",
      "value": {
        "type": "Number",
        "value": 6.283185307179586,
        "ty": {
          "type": "Known",
          "type": "Count"
        }
      },
      "visibility": "export",
      "nodePath": {
        "steps": []
      },
      "sourceRange": []
    }
  ],
  "std::prelude": [
    {
      "type": "VariableDeclaration",
      "name": "START",
      "value": {
        "type": "String",
        "value": "start"
      },
      "visibility": "export",
      "nodePath": {
        "steps": []
      },
      "sourceRange": []
    },
    {
      "type": "VariableDeclaration",
      "name": "END",
      "value": {
        "type": "String",
        "value": "end"
      },
      "visibility": "export",
      "nodePath": {
        "steps": []
      },
      "sourceRange": []
    },
    {
      "type": "VariableDeclaration",
      "name": "NEW",
      "value": {
        "type": "String",
        "value": "new"
      },
      "visibility": "export",
      "nodePath": {
        "steps": []
      },
      "sourceRange": []
    },
    {
      "type": "VariableDeclaration",
      "name": "MERGE",
      "value": {
        "type": "String",
        "value": "merge"
      },
      "visibility": "export",
      "nodePath": {
        "steps": []
      },
      "sourceRange": []
    }
  ]
}
