---
source: kcl/src/simulation_tests.rs
description: Result of tokenizing array_index_oob.kcl
snapshot_kind: text
---
{
  "Ok": [
    {
      "type": "word",
      "start": 0,
      "end": 3,
      "value": "arr"
    },
    {
      "type": "whitespace",
      "start": 3,
      "end": 4,
      "value": " "
    },
    {
      "type": "operator",
      "start": 4,
      "end": 5,
      "value": "="
    },
    {
      "type": "whitespace",
      "start": 5,
      "end": 6,
      "value": " "
    },
    {
      "type": "brace",
      "start": 6,
      "end": 7,
      "value": "["
    },
    {
      "type": "brace",
      "start": 7,
      "end": 8,
      "value": "]"
    },
    {
      "type": "whitespace",
      "start": 8,
      "end": 9,
      "value": "\n"
    },
    {
      "type": "word",
      "start": 9,
      "end": 10,
      "value": "x"
    },
    {
      "type": "whitespace",
      "start": 10,
      "end": 11,
      "value": " "
    },
    {
      "type": "operator",
      "start": 11,
      "end": 12,
      "value": "="
    },
    {
      "type": "whitespace",
      "start": 12,
      "end": 13,
      "value": " "
    },
    {
      "type": "word",
      "start": 13,
      "end": 16,
      "value": "arr"
    },
    {
      "type": "brace",
      "start": 16,
      "end": 17,
      "value": "["
    },
    {
      "type": "number",
      "start": 17,
      "end": 18,
      "value": "0"
    },
    {
      "type": "brace",
      "start": 18,
      "end": 19,
      "value": "]"
    },
    {
      "type": "whitespace",
      "start": 19,
      "end": 20,
      "value": "\n"
    }
  ]
}
