---
source: kcl/src/simulation_tests.rs
description: Artifact graph flowchart kw_fn_with_defaults.kcl
extension: md
snapshot_kind: binary
---
