---
source: kcl/src/parsing/parser.rs
expression: actual
---
{
  "type": "BinaryExpression",
  "operator": "*",
  "left": {
    "type": "Literal",
    "type": "Literal",
    "value": {
      "value": 1.0,
      "suffix": "None"
    },
    "raw": "1",
    "start": 0,
    "end": 1
  },
  "right": {
    "type": "BinaryExpression",
    "type": "BinaryExpression",
    "operator": "+",
    "left": {
      "type": "Literal",
      "type": "Literal",
      "value": {
        "value": 2.0,
        "suffix": "None"
      },
      "raw": "2",
      "start": 8,
      "end": 9
    },
    "right": {
      "type": "Literal",
      "type": "Literal",
      "value": {
        "value": 3.0,
        "suffix": "None"
      },
      "raw": "3",
      "start": 12,
      "end": 13
    },
    "start": 8,
    "end": 13
  },
  "start": 0,
  "end": 13
}
