---
source: kcl-lib/src/simulation_tests.rs
description: Execution success tooling-nest-block.kcl
---
null
