---
source: kcl-lib/src/simulation_tests.rs
description: Artifact graph flowchart nested_assembly.kcl
extension: md
snapshot_kind: binary
---
