---
source: kcl-lib/src/simulation_tests.rs
description: Result of parsing neg_xz_plane.kcl
---
{
  "Ok": {
    "body": [
      {
        "declaration": {
          "end": 0,
          "id": {
            "end": 0,
            "name": "part001",
            "start": 0,
            "type": "Identifier"
          },
          "init": {
            "body": [
              {
                "arguments": [
                  {
                    "end": 0,
                    "raw": "'-XZ'",
                    "start": 0,
                    "type": "Literal",
                    "type": "Literal",
                    "value": "-XZ"
                  }
                ],
                "callee": {
                  "end": 0,
                  "name": "startSketchOn",
                  "start": 0,
                  "type": "Identifier"
                },
                "end": 0,
                "start": 0,
                "type": "CallExpression",
                "type": "CallExpression"
              },
              {
                "arguments": [
                  {
                    "elements": [
                      {
                        "end": 0,
                        "raw": "0",
                        "start": 0,
                        "type": "Literal",
                        "type": "Literal",
                        "value": {
                          "value": 0.0,
                          "suffix": "None"
                        }
                      },
                      {
                        "end": 0,
                        "raw": "0",
                        "start": 0,
                        "type": "Literal",
                        "type": "Literal",
                        "value": {
                          "value": 0.0,
                          "suffix": "None"
                        }
                      }
                    ],
                    "end": 0,
                    "start": 0,
                    "type": "ArrayExpression",
                    "type": "ArrayExpression"
                  },
                  {
                    "end": 0,
                    "start": 0,
                    "type": "PipeSubstitution",
                    "type": "PipeSubstitution"
                  }
                ],
                "callee": {
                  "end": 0,
                  "name": "startProfileAt",
                  "start": 0,
                  "type": "Identifier"
                },
                "end": 0,
                "start": 0,
                "type": "CallExpression",
                "type": "CallExpression"
              },
              {
                "arguments": [
                  {
                    "type": "LabeledArg",
                    "label": {
                      "end": 0,
                      "name": "endAbsolute",
                      "start": 0,
                      "type": "Identifier"
                    },
                    "arg": {
                      "elements": [
                        {
                          "end": 0,
                          "raw": "100",
                          "start": 0,
                          "type": "Literal",
                          "type": "Literal",
                          "value": {
                            "value": 100.0,
                            "suffix": "None"
                          }
                        },
                        {
                          "end": 0,
                          "raw": "100",
                          "start": 0,
                          "type": "Literal",
                          "type": "Literal",
                          "value": {
                            "value": 100.0,
                            "suffix": "None"
                          }
                        }
                      ],
                      "end": 0,
                      "start": 0,
                      "type": "ArrayExpression",
                      "type": "ArrayExpression"
                    }
                  }
                ],
                "callee": {
                  "end": 0,
                  "name": "line",
                  "start": 0,
                  "type": "Identifier"
                },
                "end": 0,
                "start": 0,
                "type": "CallExpressionKw",
                "type": "CallExpressionKw",
                "unlabeled": null
              },
              {
                "arguments": [
                  {
                    "type": "LabeledArg",
                    "label": {
                      "end": 0,
                      "name": "endAbsolute",
                      "start": 0,
                      "type": "Identifier"
                    },
                    "arg": {
                      "elements": [
                        {
                          "end": 0,
                          "raw": "100",
                          "start": 0,
                          "type": "Literal",
                          "type": "Literal",
                          "value": {
                            "value": 100.0,
                            "suffix": "None"
                          }
                        },
                        {
                          "end": 0,
                          "raw": "0",
                          "start": 0,
                          "type": "Literal",
                          "type": "Literal",
                          "value": {
                            "value": 0.0,
                            "suffix": "None"
                          }
                        }
                      ],
                      "end": 0,
                      "start": 0,
                      "type": "ArrayExpression",
                      "type": "ArrayExpression"
                    }
                  }
                ],
                "callee": {
                  "end": 0,
                  "name": "line",
                  "start": 0,
                  "type": "Identifier"
                },
                "end": 0,
                "start": 0,
                "type": "CallExpressionKw",
                "type": "CallExpressionKw",
                "unlabeled": null
              },
              {
                "arguments": [
                  {
                    "end": 0,
                    "start": 0,
                    "type": "PipeSubstitution",
                    "type": "PipeSubstitution"
                  }
                ],
                "callee": {
                  "end": 0,
                  "name": "close",
                  "start": 0,
                  "type": "Identifier"
                },
                "end": 0,
                "start": 0,
                "type": "CallExpression",
                "type": "CallExpression"
              },
              {
                "arguments": [
                  {
                    "type": "LabeledArg",
                    "label": {
                      "end": 0,
                      "name": "length",
                      "start": 0,
                      "type": "Identifier"
                    },
                    "arg": {
                      "end": 0,
                      "left": {
                        "end": 0,
                        "raw": "5",
                        "start": 0,
                        "type": "Literal",
                        "type": "Literal",
                        "value": {
                          "value": 5.0,
                          "suffix": "None"
                        }
                      },
                      "operator": "+",
                      "right": {
                        "end": 0,
                        "raw": "7",
                        "start": 0,
                        "type": "Literal",
                        "type": "Literal",
                        "value": {
                          "value": 7.0,
                          "suffix": "None"
                        }
                      },
                      "start": 0,
                      "type": "BinaryExpression",
                      "type": "BinaryExpression"
                    }
                  }
                ],
                "callee": {
                  "end": 0,
                  "name": "extrude",
                  "start": 0,
                  "type": "Identifier"
                },
                "end": 0,
                "start": 0,
                "type": "CallExpressionKw",
                "type": "CallExpressionKw",
                "unlabeled": null
              }
            ],
            "end": 0,
            "start": 0,
            "type": "PipeExpression",
            "type": "PipeExpression"
          },
          "start": 0,
          "type": "VariableDeclarator"
        },
        "end": 0,
        "kind": "const",
        "start": 0,
        "type": "VariableDeclaration",
        "type": "VariableDeclaration"
      }
    ],
    "end": 0,
    "start": 0
  }
}
