---
source: kcl-lib/src/simulation_tests.rs
description: Execution success artifact_graph_example_code_offset_planes.kcl
---
null
