---
source: kcl-lib/src/simulation_tests.rs
description: Execution success revolve_on_face.kcl
---
null
