---
source: kcl/src/parser/parser_impl.rs
expression: actual
---
{
  "start": 0,
  "end": 63,
  "body": [
    {
      "type": "VariableDeclaration",
      "type": "VariableDeclaration",
      "start": 0,
      "end": 26,
      "declarations": [
        {
          "type": "VariableDeclarator",
          "start": 6,
          "end": 26,
          "id": {
            "type": "Identifier",
            "start": 6,
            "end": 9,
            "name": "obj"
          },
          "init": {
            "type": "ObjectExpression",
            "start": 12,
            "end": 26,
            "properties": [
              {
                "type": "ObjectProperty",
                "start": 14,
                "end": 18,
                "key": {
                  "type": "Identifier",
                  "start": 14,
                  "end": 15,
                  "name": "a"
                },
                "value": {
                  "type": "Literal",
                  "start": 17,
                  "end": 18,
                  "value": 1,
                  "raw": "1"
                }
              },
              {
                "type": "ObjectProperty",
                "start": 20,
                "end": 24,
                "key": {
                  "type": "Identifier",
                  "start": 20,
                  "end": 21,
                  "name": "b"
                },
                "value": {
                  "type": "Literal",
                  "start": 23,
                  "end": 24,
                  "value": 2,
                  "raw": "2"
                }
              }
            ]
          }
        }
      ],
      "kind": "const"
    },
    {
      "type": "VariableDeclaration",
      "type": "VariableDeclaration",
      "start": 31,
      "end": 63,
      "declarations": [
        {
          "type": "VariableDeclarator",
          "start": 37,
          "end": 63,
          "id": {
            "type": "Identifier",
            "start": 37,
            "end": 43,
            "name": "height"
          },
          "init": {
            "type": "ArrayExpression",
            "start": 46,
            "end": 63,
            "elements": [
              {
                "type": "BinaryExpression",
                "start": 47,
                "end": 59,
                "operator": "-",
                "left": {
                  "type": "Literal",
                  "type": "Literal",
                  "start": 47,
                  "end": 48,
                  "value": 1,
                  "raw": "1"
                },
                "right": {
                  "type": "MemberExpression",
                  "type": "MemberExpression",
                  "start": 51,
                  "end": 59,
                  "object": {
                    "type": "Identifier",
                    "type": "Identifier",
                    "start": 51,
                    "end": 54,
                    "name": "obj"
                  },
                  "property": {
                    "type": "Literal",
                    "type": "Literal",
                    "start": 55,
                    "end": 58,
                    "value": "a",
                    "raw": "\"a\""
                  },
                  "computed": false
                }
              },
              {
                "type": "Literal",
                "start": 61,
                "end": 62,
                "value": 0,
                "raw": "0"
              }
            ]
          }
        }
      ],
      "kind": "const"
    }
  ]
}
