---
source: kcl/src/parser/parser_impl.rs
expression: actual
---
{
  "type": "BinaryExpression",
  "start": 0,
  "end": 5,
  "operator": "+",
  "left": {
    "type": "Literal",
    "type": "Literal",
    "start": 0,
    "end": 1,
    "value": 1,
    "raw": "1"
  },
  "right": {
    "type": "Literal",
    "type": "Literal",
    "start": 4,
    "end": 5,
    "value": 2,
    "raw": "2"
  }
}
