---
source: kcl/src/simulation_tests.rs
description: Artifact graph riddle_small.kcl
snapshot_kind: text
---
{
  "map": {
    "[uuid]": {
      "type": "wall",
      "id": "[uuid]",
      "segId": "[uuid]",
      "sweepId": "[uuid]"
    },
    "[uuid]": {
      "type": "sweepEdge",
      "id": "[uuid]",
      "subType": "opposite",
      "segId": "[uuid]",
      "sweepId": "[uuid]"
    },
    "[uuid]": {
      "type": "segment",
      "id": "[uuid]",
      "pathId": "[uuid]",
      "surfaceId": "[uuid]",
      "edgeIds": [
        "[uuid]",
        "[uuid]"
      ],
      "codeRef": {
        "range": [
          220,
          236,
          0
        ],
        "pathToNode": []
      }
    },
    "[uuid]": {
      "type": "sweepEdge",
      "id": "[uuid]",
      "subType": "adjacent",
      "segId": "[uuid]",
      "sweepId": "[uuid]"
    },
    "[uuid]": {
      "type": "segment",
      "id": "[uuid]",
      "pathId": "[uuid]",
      "surfaceId": "[uuid]",
      "edgeIds": [
        "[uuid]",
        "[uuid]"
      ],
      "codeRef": {
        "range": [
          242,
          258,
          0
        ],
        "pathToNode": []
      }
    },
    "[uuid]": {
      "type": "wall",
      "id": "[uuid]",
      "segId": "[uuid]",
      "sweepId": "[uuid]"
    },
    "[uuid]": {
      "type": "cap",
      "id": "[uuid]",
      "subType": "end",
      "sweepId": "[uuid]"
    },
    "[uuid]": {
      "type": "cap",
      "id": "[uuid]",
      "subType": "start",
      "sweepId": "[uuid]"
    },
    "[uuid]": {
      "type": "plane",
      "id": "[uuid]",
      "pathIds": [
        "[uuid]"
      ],
      "codeRef": {
        "range": [
          141,
          160,
          0
        ],
        "pathToNode": []
      }
    },
    "[uuid]": {
      "type": "sweepEdge",
      "id": "[uuid]",
      "subType": "adjacent",
      "segId": "[uuid]",
      "sweepId": "[uuid]"
    },
    "[uuid]": {
      "type": "sweep",
      "id": "[uuid]",
      "subType": "extrusion",
      "pathId": "[uuid]",
      "surfaceIds": [
        "[uuid]",
        "[uuid]",
        "[uuid]",
        "[uuid]",
        "[uuid]",
        "[uuid]"
      ],
      "edgeIds": [
        "[uuid]",
        "[uuid]",
        "[uuid]",
        "[uuid]",
        "[uuid]",
        "[uuid]",
        "[uuid]",
        "[uuid]"
      ],
      "codeRef": {
        "range": [
          278,
          291,
          0
        ],
        "pathToNode": []
      }
    },
    "[uuid]": {
      "type": "segment",
      "id": "[uuid]",
      "pathId": "[uuid]",
      "surfaceId": "[uuid]",
      "edgeIds": [
        "[uuid]",
        "[uuid]"
      ],
      "codeRef": {
        "range": [
          264,
          272,
          0
        ],
        "pathToNode": []
      }
    },
    "[uuid]": {
      "type": "sweepEdge",
      "id": "[uuid]",
      "subType": "opposite",
      "segId": "[uuid]",
      "sweepId": "[uuid]"
    },
    "[uuid]": {
      "type": "sweepEdge",
      "id": "[uuid]",
      "subType": "opposite",
      "segId": "[uuid]",
      "sweepId": "[uuid]"
    },
    "[uuid]": {
      "type": "wall",
      "id": "[uuid]",
      "segId": "[uuid]",
      "sweepId": "[uuid]"
    },
    "[uuid]": {
      "type": "path",
      "id": "[uuid]",
      "planeId": "[uuid]",
      "segIds": [
        "[uuid]",
        "[uuid]",
        "[uuid]",
        "[uuid]"
      ],
      "sweepId": "[uuid]",
      "solid2dId": "[uuid]",
      "codeRef": {
        "range": [
          166,
          193,
          0
        ],
        "pathToNode": []
      }
    },
    "[uuid]": {
      "type": "segment",
      "id": "[uuid]",
      "pathId": "[uuid]",
      "surfaceId": "[uuid]",
      "edgeIds": [
        "[uuid]",
        "[uuid]"
      ],
      "codeRef": {
        "range": [
          199,
          214,
          0
        ],
        "pathToNode": []
      }
    },
    "[uuid]": {
      "type": "wall",
      "id": "[uuid]",
      "segId": "[uuid]",
      "sweepId": "[uuid]"
    },
    "[uuid]": {
      "type": "sweepEdge",
      "id": "[uuid]",
      "subType": "adjacent",
      "segId": "[uuid]",
      "sweepId": "[uuid]"
    },
    "[uuid]": {
      "type": "solid2d",
      "id": "[uuid]",
      "pathId": "[uuid]"
    },
    "[uuid]": {
      "type": "sweepEdge",
      "id": "[uuid]",
      "subType": "adjacent",
      "segId": "[uuid]",
      "sweepId": "[uuid]"
    },
    "[uuid]": {
      "type": "sweepEdge",
      "id": "[uuid]",
      "subType": "opposite",
      "segId": "[uuid]",
      "sweepId": "[uuid]"
    }
  }
}
