---
source: kcl/src/simulation_tests.rs
description: Artifact graph mind map big_number_angle_to_match_length_y.kcl
extension: md
snapshot_kind: binary
---
